Log file open, 10/18/25 21:57:37
LogWindows: Failed to load 'aqProf.dll' (GetLastError=126)
LogWindows: File 'aqProf.dll' does not exist
LogWindows: Failed to load 'VtuneApi.dll' (GetLastError=126)
LogWindows: File 'VtuneApi.dll' does not exist
LogWindows: Failed to load 'VtuneApi32e.dll' (GetLastError=126)
LogWindows: File 'VtuneApi32e.dll' does not exist
LogConsoleResponse: Display: Failed to find resolution value strings in scalability ini. Falling back to default.
LogConsoleResponse: Display: Failed to find resolution value strings in scalability ini. Falling back to default.
LogInit: Display: Running engine for game: RoboticVacuumCleaner
LogPlatformFile: Not using cached read wrapper
LogTaskGraph: Started task graph with 5 named threads and 35 total threads with 3 sets of task threads.
LogStats: Stats thread started at 0.209668
LogICUInternationalization: ICU TimeZone Detection - Raw Offset: +8:00, Platform Override: ''
LogInit: Display: Loading text-based GConfig....
LogPluginManager: Mounting plugin MeshPainting
LogPluginManager: Mounting plugin XGEController
LogPluginManager: Mounting plugin Paper2D
LogPluginManager: Mounting plugin AISupport
LogPluginManager: Mounting plugin LightPropagationVolume
LogPluginManager: Mounting plugin EnvironmentQueryEditor
LogPluginManager: Mounting plugin LiveLink
LogPluginManager: Mounting plugin GameplayCameras
LogPluginManager: Mounting plugin CameraShakePreviewer
LogPluginManager: Mounting plugin OodleData
LogPluginManager: Mounting plugin OodleNetwork
LogPluginManager: Mounting plugin AssetManagerEditor
LogPluginManager: Mounting plugin FacialAnimation
LogPluginManager: Mounting plugin GameplayTagsEditor
LogPluginManager: Mounting plugin CryptoKeys
LogPluginManager: Mounting plugin GeometryMode
LogPluginManager: Mounting plugin CurveEditorTools
LogPluginManager: Mounting plugin MaterialAnalyzer
LogPluginManager: Mounting plugin MacGraphicsSwitching
LogPluginManager: Mounting plugin MobileLauncherProfileWizard
LogPluginManager: Mounting plugin PluginBrowser
LogPluginManager: Mounting plugin SpeedTreeImporter
LogPluginManager: Mounting plugin AlembicImporter
LogPluginManager: Mounting plugin AutomationUtils
LogPluginManager: Mounting plugin DataValidation
LogPluginManager: Mounting plugin BackChannel
LogPluginManager: Mounting plugin CharacterAI
LogPluginManager: Mounting plugin ChaosNiagara
LogPluginManager: Mounting plugin ChaosSolverPlugin
LogPluginManager: Mounting plugin ChaosClothEditor
LogPluginManager: Mounting plugin ChaosEditor
LogPluginManager: Mounting plugin ChaosCloth
LogPluginManager: Mounting plugin GeometryCache
LogPluginManager: Mounting plugin GeometryCollectionPlugin
LogPluginManager: Mounting plugin GeometryProcessing
LogPluginManager: Mounting plugin DatasmithContent
LogPluginManager: Mounting plugin CLionSourceCodeAccess
LogPluginManager: Mounting plugin MotoSynth
LogPluginManager: Mounting plugin OpenImageDenoise
LogPluginManager: Mounting plugin PlanarCut
LogPluginManager: Mounting plugin PlatformCrypto
LogPluginManager: Mounting plugin PythonScriptPlugin
LogPluginManager: Mounting plugin ProxyLODPlugin
LogPluginManager: Mounting plugin VariantManagerContent
LogPluginManager: Mounting plugin CodeLiteSourceCodeAccess
LogPluginManager: Mounting plugin KDevelopSourceCodeAccess
LogPluginManager: Mounting plugin NullSourceCodeAccess
LogPluginManager: Mounting plugin PerforceSourceControl
LogPluginManager: Mounting plugin AnimationSharing
LogPluginManager: Mounting plugin PixWinPlugin
LogPluginManager: Mounting plugin Niagara
LogPluginManager: Mounting plugin PlasticSourceControl
LogPluginManager: Mounting plugin GitSourceControl
LogPluginManager: Mounting plugin PluginUtils
LogPluginManager: Mounting plugin PropertyAccessNode
LogPluginManager: Mounting plugin SkeletalReduction
LogPluginManager: Mounting plugin RiderSourceCodeAccess
LogPluginManager: Mounting plugin SubversionSourceControl
LogPluginManager: Mounting plugin TextureFormatOodle
LogPluginManager: Mounting plugin UObjectPlugin
LogPluginManager: Mounting plugin VisualStudioCodeSourceCodeAccess
LogPluginManager: Mounting plugin VisualStudioSourceCodeAccess
LogPluginManager: Mounting plugin XCodeSourceCodeAccess
LogPluginManager: Mounting plugin AndroidMedia
LogPluginManager: Mounting plugin ImgMedia
LogPluginManager: Mounting plugin MediaCompositing
LogPluginManager: Mounting plugin MediaPlayerEditor
LogPluginManager: Mounting plugin WmfMedia
LogPluginManager: Mounting plugin WebMMedia
LogPluginManager: Mounting plugin AvfMedia
LogPluginManager: Mounting plugin ActorSequence
LogPluginManager: Mounting plugin MatineeToLevelSequence
LogPluginManager: Mounting plugin LevelSequenceEditor
LogPluginManager: Mounting plugin LuminPlatformFeatures
LogPluginManager: Mounting plugin TemplateSequence
LogPluginManager: Mounting plugin MagicLeap
LogPluginManager: Mounting plugin MagicLeapMedia
LogPluginManager: Mounting plugin MagicLeapPassableWorld
LogPluginManager: Mounting plugin MagicLeapLightEstimation
LogPluginManager: Mounting plugin MLSDK
LogPluginManager: Mounting plugin LauncherChunkInstaller
LogPluginManager: Mounting plugin ScreenshotTools
LogPluginManager: Mounting plugin ActorLayerUtilities
LogPluginManager: Mounting plugin AndroidDeviceProfileSelector
LogPluginManager: Mounting plugin AndroidMoviePlayer
LogPluginManager: Mounting plugin AppleImageUtils
LogPluginManager: Mounting plugin AppleMoviePlayer
LogPluginManager: Mounting plugin AssetTags
LogPluginManager: Mounting plugin AndroidPermission
LogPluginManager: Mounting plugin AudioCapture
LogPluginManager: Mounting plugin ArchVisCharacter
LogPluginManager: Mounting plugin AudioSynesthesia
LogPluginManager: Mounting plugin CableComponent
LogPluginManager: Mounting plugin ChunkDownloader
LogPluginManager: Mounting plugin CustomMeshComponent
LogPluginManager: Mounting plugin EditableMesh
LogPluginManager: Mounting plugin ExampleDeviceProfileSelector
LogPluginManager: Mounting plugin GoogleCloudMessaging
LogPluginManager: Mounting plugin GooglePAD
LogPluginManager: Mounting plugin OnlineSubsystem
LogPluginManager: Mounting plugin OnlineSubsystemNull
LogPluginManager: Mounting plugin Takes
LogPluginManager: Mounting plugin OnlineSubsystemUtils
LogPluginManager: Mounting plugin IOSDeviceProfileSelector
LogPluginManager: Mounting plugin LinuxDeviceProfileSelector
LogPluginManager: Mounting plugin LocationServicesBPLibrary
LogPluginManager: Mounting plugin MobilePatchingUtils
LogPluginManager: Mounting plugin OpenXR
LogPluginManager: Mounting plugin OpenXREyeTracker
LogPluginManager: Mounting plugin OpenXRHandTracking
LogPluginManager: Mounting plugin PhysXVehicles
LogPluginManager: Mounting plugin TcpMessaging
LogPluginManager: Mounting plugin UdpMessaging
LogPluginManager: Mounting plugin PostSplashScreen
LogPluginManager: Mounting plugin ProceduralMeshComponent
LogPluginManager: Mounting plugin PropertyAccessEditor
LogPluginManager: Mounting plugin SignificanceManager
LogPluginManager: Mounting plugin RuntimePhysXCooking
LogPluginManager: Mounting plugin SoundFields
LogPluginManager: Mounting plugin Synthesis
LogPluginManager: Mounting plugin WebMMoviePlayer
LogPluginManager: Mounting plugin WindowsMoviePlayer
LogPluginManager: Mounting plugin ContentBrowserClassDataSource
LogPluginManager: Mounting plugin ContentBrowserFileDataSource
LogPluginManager: Mounting plugin ContentBrowserAssetDataSource
LogPluginManager: Mounting plugin OnlineSubsystemGooglePlay
LogPluginManager: Mounting plugin OnlineSubsystemIOS
LogPluginManager: Mounting plugin OculusVR
LogPluginManager: Mounting plugin SteamVR
PixWinPlugin: PIX capture plugin failed to initialize! Check that the process is launched from PIX.
LogInit: Using libcurl 7.55.1-DEV
LogInit:  - built for x86_64-pc-win32
LogInit:  - supports SSL with OpenSSL/1.1.1
LogInit:  - supports HTTP deflate (compression) using libz 1.2.8
LogInit:  - other features:
LogInit:      CURL_VERSION_SSL
LogInit:      CURL_VERSION_LIBZ
LogInit:      CURL_VERSION_IPV6
LogInit:      CURL_VERSION_ASYNCHDNS
LogInit:      CURL_VERSION_LARGEFILE
LogInit:      CURL_VERSION_IDN
LogInit:  CurlRequestOptions (configurable via config and command line):
LogInit:  - bVerifyPeer = true  - Libcurl will verify peer certificate
LogInit:  - bUseHttpProxy = false  - Libcurl will NOT use HTTP proxy
LogInit:  - bDontReuseConnections = false  - Libcurl will reuse connections
LogInit:  - MaxHostConnections = 16  - Libcurl will limit the number of connections to a host
LogInit:  - LocalHostAddr = Default
LogInit:  - BufferSize = 65536
LogOnline: OSS: Creating online subsystem instance for: NULL
LogInit: WinSock: version 1.1 (2.2), MaxSocks=32767, MaxUdp=65467
LogOnline: OSS: TryLoadSubsystemAndSetDefault: Loaded subsystem for module [NULL]
LogOculusPluginWrapper: OculusPlugin initialized successfully
LogHMD: Failed initializing OVRPlugin 1.59.0
LogInit: Build: ++UE4+Release-4.27-CL-18319896
LogInit: Engine Version: 4.27.2-18319896+++UE4+Release-4.27
LogInit: Compatible Engine Version: 4.27.0-17155196+++UE4+Release-4.27
LogInit: Net CL: 17155196
LogInit: OS: Windows 10 (Release 2009) (), CPU: 12th Gen Intel(R) Core(TM) i5-12400F, GPU: NVIDIA GeForce GTX 1660
LogInit: Compiled (64-bit): Nov 30 2021 07:12:08
LogInit: Compiled with Visual C++: 19.24.28315.00
LogInit: Build Configuration: Development
LogInit: Branch Name: ++UE4+Release-4.27
LogInit: Command Line: 
LogInit: Base Directory: D:/UE_4.27/Engine/Binaries/Win64/
LogInit: Allocator: TBB
LogInit: Installed Engine Build: 1
LogDevObjectVersion: Number of dev versions registered: 29
LogDevObjectVersion:   Dev-Blueprints (B0D832E4-1F89-4F0D-ACCF-7EB736FD4AA2): 10
LogDevObjectVersion:   Dev-Build (E1C64328-A22C-4D53-A36C-8E866417BD8C): 0
LogDevObjectVersion:   Dev-Core (375EC13C-06E4-48FB-B500-84F0262A717E): 4
LogDevObjectVersion:   Dev-Editor (E4B068ED-F494-42E9-A231-DA0B2E46BB41): 40
LogDevObjectVersion:   Dev-Framework (CFFC743F-43B0-4480-9391-14DF171D2073): 37
LogDevObjectVersion:   Dev-Mobile (B02B49B5-BB20-44E9-A304-32B752E40360): 3
LogDevObjectVersion:   Dev-Networking (A4E4105C-59A1-49B5-A7C5-40C4547EDFEE): 0
LogDevObjectVersion:   Dev-Online (39C831C9-5AE6-47DC-9A44-9C173E1C8E7C): 0
LogDevObjectVersion:   Dev-Physics (78F01B33-EBEA-4F98-B9B4-84EACCB95AA2): 14
LogDevObjectVersion:   Dev-Platform (6631380F-2D4D-43E0-8009-CF276956A95A): 0
LogDevObjectVersion:   Dev-Rendering (12F88B9F-8875-4AFC-A67C-D90C383ABD29): 45
LogDevObjectVersion:   Dev-Sequencer (7B5AE74C-D270-4C10-A958-57980B212A5A): 13
LogDevObjectVersion:   Dev-VR (D7296918-1DD6-4BDD-9DE2-64A83CC13884): 3
LogDevObjectVersion:   Dev-LoadTimes (C2A15278-BFE7-4AFE-6C17-90FF531DF755): 1
LogDevObjectVersion:   Private-Geometry (6EACA3D4-40EC-4CC1-B786-8BED09428FC5): 3
LogDevObjectVersion:   Dev-AnimPhys (29E575DD-E0A3-4627-9D10-D276232CDCEA): 17
LogDevObjectVersion:   Dev-Anim (AF43A65D-7FD3-4947-9873-3E8ED9C1BB05): 15
LogDevObjectVersion:   Dev-ReflectionCapture (6B266CEC-1EC7-4B8F-A30B-E4D90942FC07): 1
LogDevObjectVersion:   Dev-Automation (0DF73D61-A23F-47EA-B727-89E90C41499A): 1
LogDevObjectVersion:   FortniteMain (601D1886-AC64-4F84-AA16-D3DE0DEAC7D6): 47
LogDevObjectVersion:   FortniteRelease (E7086368-6B23-4C58-8439-1B7016265E91): 1
LogDevObjectVersion:   Dev-Enterprise (9DFFBCD6-494F-0158-E221-12823C92A888): 10
LogDevObjectVersion:   Dev-Niagara (F2AED0AC-9AFE-416F-8664-AA7FFA26D6FC): 1
LogDevObjectVersion:   Dev-Destruction (174F1F0B-B4C6-45A5-B13F-2EE8D0FB917D): 10
LogDevObjectVersion:   Dev-Physics-Ext (35F94A83-E258-406C-A318-09F59610247C): 41
LogDevObjectVersion:   Dev-PhysicsMaterial-Chaos (B68FC16E-8B1B-42E2-B453-215C058844FE): 1
LogDevObjectVersion:   Dev-CineCamera (B2E18506-4273-CFC2-A54E-F4BB758BBA07): 1
LogDevObjectVersion:   Dev-VirtualProduction (64F58936-FD1B-42BA-BA96-7289D5D0FA4E): 1
LogDevObjectVersion:   Dev-MediaFramework (6F0ED827-A609-4895-9C91-998D90180EA4): 2
LogInit: Presizing for max 25165824 objects, including 0 objects not considered by GC, pre-allocating 0 bytes for permanent pool.
LogConfig: Applying CVar settings from Section [/Script/Engine.StreamingSettings] File [D:/上传官网2/sdjqr-zj1/Robotic Vacuum Cleaner ZJVol1/Saved/Config/Windows/Engine.ini]
LogConfig: Setting CVar [[s.MinBulkDataSizeForAsyncLoading:131072]]
LogConfig: Setting CVar [[s.AsyncLoadingThreadEnabled:0]]
LogConfig: Setting CVar [[s.EventDrivenLoaderEnabled:1]]
LogConfig: Setting CVar [[s.WarnIfTimeLimitExceeded:0]]
LogConfig: Setting CVar [[s.TimeLimitExceededMultiplier:1.5]]
LogConfig: Setting CVar [[s.TimeLimitExceededMinTime:0.005]]
LogConfig: Setting CVar [[s.UseBackgroundLevelStreaming:1]]
LogConfig: Setting CVar [[s.PriorityAsyncLoadingExtraTime:15.0]]
LogConfig: Setting CVar [[s.LevelStreamingActorsUpdateTimeLimit:5.0]]
LogConfig: Setting CVar [[s.PriorityLevelStreamingActorsUpdateExtraTime:5.0]]
LogConfig: Setting CVar [[s.LevelStreamingComponentsRegistrationGranularity:10]]
LogConfig: Setting CVar [[s.UnregisterComponentsTimeLimit:1.0]]
LogConfig: Setting CVar [[s.LevelStreamingComponentsUnregistrationGranularity:5]]
LogConfig: Setting CVar [[s.FlushStreamingOnExit:1]]
LogInit: Object subsystem initialized
LogConfig: Setting CVar [[con.DebugEarlyDefault:1]]
LogConfig: Setting CVar [[r.setres:1280x720]]
[2025.10.18-13.57.37:491][  0]LogConfig: Setting CVar [[r.VSync:0]]
[2025.10.18-13.57.37:491][  0]LogConfig: Setting CVar [[r.RHICmdBypass:0]]
[2025.10.18-13.57.37:491][  0]LogConfig: Applying CVar settings from Section [/Script/Engine.RendererSettings] File [D:/上传官网2/sdjqr-zj1/Robotic Vacuum Cleaner ZJVol1/Saved/Config/Windows/Engine.ini]
[2025.10.18-13.57.37:491][  0]LogConfig: Setting CVar [[r.GPUCrashDebugging:0]]
[2025.10.18-13.57.37:491][  0]LogConfig: Setting CVar [[r.AllowGlobalClipPlane:1]]
[2025.10.18-13.57.37:491][  0]LogConfig: Applying CVar settings from Section [/Script/Engine.RendererOverrideSettings] File [D:/上传官网2/sdjqr-zj1/Robotic Vacuum Cleaner ZJVol1/Saved/Config/Windows/Engine.ini]
[2025.10.18-13.57.37:491][  0]LogConfig: Applying CVar settings from Section [/Script/Engine.StreamingSettings] File [D:/上传官网2/sdjqr-zj1/Robotic Vacuum Cleaner ZJVol1/Saved/Config/Windows/Engine.ini]
[2025.10.18-13.57.37:491][  0]LogConfig: Setting CVar [[s.MinBulkDataSizeForAsyncLoading:131072]]
[2025.10.18-13.57.37:491][  0]LogConfig: Setting CVar [[s.AsyncLoadingThreadEnabled:0]]
[2025.10.18-13.57.37:491][  0]LogConfig: Setting CVar [[s.EventDrivenLoaderEnabled:1]]
[2025.10.18-13.57.37:491][  0]LogConfig: Setting CVar [[s.WarnIfTimeLimitExceeded:0]]
[2025.10.18-13.57.37:491][  0]LogConfig: Setting CVar [[s.TimeLimitExceededMultiplier:1.5]]
[2025.10.18-13.57.37:491][  0]LogConfig: Setting CVar [[s.TimeLimitExceededMinTime:0.005]]
[2025.10.18-13.57.37:491][  0]LogConfig: Setting CVar [[s.UseBackgroundLevelStreaming:1]]
[2025.10.18-13.57.37:491][  0]LogConfig: Setting CVar [[s.PriorityAsyncLoadingExtraTime:15.0]]
[2025.10.18-13.57.37:491][  0]LogConfig: Setting CVar [[s.LevelStreamingActorsUpdateTimeLimit:5.0]]
[2025.10.18-13.57.37:491][  0]LogConfig: Setting CVar [[s.PriorityLevelStreamingActorsUpdateExtraTime:5.0]]
[2025.10.18-13.57.37:491][  0]LogConfig: Setting CVar [[s.LevelStreamingComponentsRegistrationGranularity:10]]
[2025.10.18-13.57.37:491][  0]LogConfig: Setting CVar [[s.UnregisterComponentsTimeLimit:1.0]]
[2025.10.18-13.57.37:491][  0]LogConfig: Setting CVar [[s.LevelStreamingComponentsUnregistrationGranularity:5]]
[2025.10.18-13.57.37:491][  0]LogConfig: Setting CVar [[s.FlushStreamingOnExit:1]]
[2025.10.18-13.57.37:491][  0]LogConfig: Applying CVar settings from Section [/Script/Engine.GarbageCollectionSettings] File [D:/上传官网2/sdjqr-zj1/Robotic Vacuum Cleaner ZJVol1/Saved/Config/Windows/Engine.ini]
[2025.10.18-13.57.37:491][  0]LogConfig: Setting CVar [[gc.MaxObjectsNotConsideredByGC:1]]
[2025.10.18-13.57.37:491][  0]LogConfig: Setting CVar [[gc.SizeOfPermanentObjectPool:0]]
[2025.10.18-13.57.37:491][  0]LogConfig: Setting CVar [[gc.FlushStreamingOnGC:0]]
[2025.10.18-13.57.37:491][  0]LogConfig: Setting CVar [[gc.NumRetriesBeforeForcingGC:10]]
[2025.10.18-13.57.37:491][  0]LogConfig: Setting CVar [[gc.AllowParallelGC:1]]
[2025.10.18-13.57.37:491][  0]LogConfig: Setting CVar [[gc.TimeBetweenPurgingPendingKillObjects:61.1]]
[2025.10.18-13.57.37:491][  0]LogConfig: Setting CVar [[gc.MaxObjectsInEditor:25165824]]
[2025.10.18-13.57.37:491][  0]LogConfig: Setting CVar [[gc.IncrementalBeginDestroyEnabled:1]]
[2025.10.18-13.57.37:491][  0]LogConfig: Setting CVar [[gc.CreateGCClusters:1]]
[2025.10.18-13.57.37:491][  0]LogConfig: Setting CVar [[gc.MinGCClusterSize:5]]
[2025.10.18-13.57.37:491][  0]LogConfig: Setting CVar [[gc.ActorClusteringEnabled:0]]
[2025.10.18-13.57.37:491][  0]LogConfig: Setting CVar [[gc.BlueprintClusteringEnabled:0]]
[2025.10.18-13.57.37:491][  0]LogConfig: Setting CVar [[gc.UseDisregardForGCOnDedicatedServers:0]]
[2025.10.18-13.57.37:491][  0]LogConfig: Setting CVar [[gc.MultithreadedDestructionEnabled:1]]
[2025.10.18-13.57.37:491][  0]LogConfig: Applying CVar settings from Section [/Script/Engine.NetworkSettings] File [D:/上传官网2/sdjqr-zj1/Robotic Vacuum Cleaner ZJVol1/Saved/Config/Windows/Engine.ini]
[2025.10.18-13.57.37:491][  0]LogConfig: Applying CVar settings from Section [/Script/UnrealEd.CookerSettings] File [D:/上传官网2/sdjqr-zj1/Robotic Vacuum Cleaner ZJVol1/Saved/Config/Windows/Engine.ini]
[2025.10.18-13.57.37:495][  0]LogConfig: Applying CVar settings from Section [ViewDistanceQuality@3] File [D:/上传官网2/sdjqr-zj1/Robotic Vacuum Cleaner ZJVol1/Saved/Config/Windows/Scalability.ini]
[2025.10.18-13.57.37:495][  0]LogConfig: Setting CVar [[r.SkeletalMeshLODBias:0]]
[2025.10.18-13.57.37:495][  0]LogConfig: Setting CVar [[r.ViewDistanceScale:1.0]]
[2025.10.18-13.57.37:495][  0]LogConfig: Applying CVar settings from Section [AntiAliasingQuality@3] File [D:/上传官网2/sdjqr-zj1/Robotic Vacuum Cleaner ZJVol1/Saved/Config/Windows/Scalability.ini]
[2025.10.18-13.57.37:495][  0]LogConfig: Setting CVar [[r.PostProcessAAQuality:4]]
[2025.10.18-13.57.37:495][  0]LogConfig: Applying CVar settings from Section [ShadowQuality@3] File [D:/上传官网2/sdjqr-zj1/Robotic Vacuum Cleaner ZJVol1/Saved/Config/Windows/Scalability.ini]
[2025.10.18-13.57.37:495][  0]LogConfig: Setting CVar [[r.LightFunctionQuality:1]]
[2025.10.18-13.57.37:495][  0]LogConfig: Setting CVar [[r.ShadowQuality:5]]
[2025.10.18-13.57.37:495][  0]LogConfig: Setting CVar [[r.Shadow.CSM.MaxCascades:10]]
[2025.10.18-13.57.37:495][  0]LogConfig: Setting CVar [[r.Shadow.MaxResolution:2048]]
[2025.10.18-13.57.37:495][  0]LogConfig: Setting CVar [[r.Shadow.MaxCSMResolution:2048]]
[2025.10.18-13.57.37:495][  0]LogConfig: Setting CVar [[r.Shadow.RadiusThreshold:0.01]]
[2025.10.18-13.57.37:495][  0]LogConfig: Setting CVar [[r.Shadow.DistanceScale:1.0]]
[2025.10.18-13.57.37:495][  0]LogConfig: Setting CVar [[r.Shadow.CSM.TransitionScale:1.0]]
[2025.10.18-13.57.37:495][  0]LogConfig: Setting CVar [[r.Shadow.PreShadowResolutionFactor:1.0]]
[2025.10.18-13.57.37:495][  0]LogConfig: Setting CVar [[r.DistanceFieldShadowing:1]]
[2025.10.18-13.57.37:495][  0]LogConfig: Setting CVar [[r.DistanceFieldAO:1]]
[2025.10.18-13.57.37:495][  0]LogConfig: Setting CVar [[r.AOQuality:2]]
[2025.10.18-13.57.37:495][  0]LogConfig: Setting CVar [[r.VolumetricFog:1]]
[2025.10.18-13.57.37:495][  0]LogConfig: Setting CVar [[r.VolumetricFog.GridPixelSize:8]]
[2025.10.18-13.57.37:495][  0]LogConfig: Setting CVar [[r.VolumetricFog.GridSizeZ:128]]
[2025.10.18-13.57.37:495][  0]LogConfig: Setting CVar [[r.VolumetricFog.HistoryMissSupersampleCount:4]]
[2025.10.18-13.57.37:495][  0]LogConfig: Setting CVar [[r.LightMaxDrawDistanceScale:1]]
[2025.10.18-13.57.37:495][  0]LogConfig: Setting CVar [[r.CapsuleShadows:1]]
[2025.10.18-13.57.37:495][  0]LogConfig: Applying CVar settings from Section [PostProcessQuality@3] File [D:/上传官网2/sdjqr-zj1/Robotic Vacuum Cleaner ZJVol1/Saved/Config/Windows/Scalability.ini]
[2025.10.18-13.57.37:495][  0]LogConfig: Setting CVar [[r.MotionBlurQuality:4]]
[2025.10.18-13.57.37:496][  0]LogConfig: Setting CVar [[r.AmbientOcclusionMipLevelFactor:0.4]]
[2025.10.18-13.57.37:496][  0]LogConfig: Setting CVar [[r.AmbientOcclusionMaxQuality:100]]
[2025.10.18-13.57.37:496][  0]LogConfig: Setting CVar [[r.AmbientOcclusionLevels:-1]]
[2025.10.18-13.57.37:496][  0]LogConfig: Setting CVar [[r.AmbientOcclusionRadiusScale:1.0]]
[2025.10.18-13.57.37:496][  0]LogConfig: Setting CVar [[r.DepthOfFieldQuality:2]]
[2025.10.18-13.57.37:496][  0]LogConfig: Setting CVar [[r.RenderTargetPoolMin:400]]
[2025.10.18-13.57.37:496][  0]LogConfig: Setting CVar [[r.LensFlareQuality:2]]
[2025.10.18-13.57.37:496][  0]LogConfig: Setting CVar [[r.SceneColorFringeQuality:1]]
[2025.10.18-13.57.37:496][  0]LogConfig: Setting CVar [[r.EyeAdaptationQuality:2]]
[2025.10.18-13.57.37:496][  0]LogConfig: Setting CVar [[r.BloomQuality:5]]
[2025.10.18-13.57.37:496][  0]LogConfig: Setting CVar [[r.FastBlurThreshold:100]]
[2025.10.18-13.57.37:496][  0]LogConfig: Setting CVar [[r.Upscale.Quality:3]]
[2025.10.18-13.57.37:496][  0]LogConfig: Setting CVar [[r.Tonemapper.GrainQuantization:1]]
[2025.10.18-13.57.37:496][  0]LogConfig: Setting CVar [[r.LightShaftQuality:1]]
[2025.10.18-13.57.37:496][  0]LogConfig: Setting CVar [[r.Filter.SizeScale:1]]
[2025.10.18-13.57.37:496][  0]LogConfig: Setting CVar [[r.Tonemapper.Quality:5]]
[2025.10.18-13.57.37:496][  0]LogConfig: Setting CVar [[r.DOF.Gather.AccumulatorQuality:1        ; higher gathering accumulator quality]]
[2025.10.18-13.57.37:496][  0]LogConfig: Setting CVar [[r.DOF.Gather.PostfilterMethod:1          ; Median3x3 postfilering method]]
[2025.10.18-13.57.37:496][  0]LogConfig: Setting CVar [[r.DOF.Gather.EnableBokehSettings:0       ; no bokeh simulation when gathering]]
[2025.10.18-13.57.37:496][  0]LogConfig: Setting CVar [[r.DOF.Gather.RingCount:4                 ; medium number of samples when gathering]]
[2025.10.18-13.57.37:496][  0]LogConfig: Setting CVar [[r.DOF.Scatter.ForegroundCompositing:1    ; additive foreground scattering]]
[2025.10.18-13.57.37:496][  0]LogConfig: Setting CVar [[r.DOF.Scatter.BackgroundCompositing:2    ; additive background scattering]]
[2025.10.18-13.57.37:496][  0]LogConfig: Setting CVar [[r.DOF.Scatter.EnableBokehSettings:1      ; bokeh simulation when scattering]]
[2025.10.18-13.57.37:496][  0]LogConfig: Setting CVar [[r.DOF.Scatter.MaxSpriteRatio:0.1         ; only a maximum of 10% of scattered bokeh]]
[2025.10.18-13.57.37:496][  0]LogConfig: Setting CVar [[r.DOF.Recombine.Quality:1                ; cheap slight out of focus]]
[2025.10.18-13.57.37:496][  0]LogConfig: Setting CVar [[r.DOF.Recombine.EnableBokehSettings:0    ; no bokeh simulation on slight out of focus]]
[2025.10.18-13.57.37:496][  0]LogConfig: Setting CVar [[r.DOF.TemporalAAQuality:1                ; more stable temporal accumulation]]
[2025.10.18-13.57.37:496][  0]LogConfig: Setting CVar [[r.DOF.Kernel.MaxForegroundRadius:0.025]]
[2025.10.18-13.57.37:496][  0]LogConfig: Setting CVar [[r.DOF.Kernel.MaxBackgroundRadius:0.025]]
[2025.10.18-13.57.37:496][  0]LogConfig: Applying CVar settings from Section [TextureQuality@3] File [D:/上传官网2/sdjqr-zj1/Robotic Vacuum Cleaner ZJVol1/Saved/Config/Windows/Scalability.ini]
[2025.10.18-13.57.37:496][  0]LogConfig: Setting CVar [[r.Streaming.MipBias:0]]
[2025.10.18-13.57.37:496][  0]LogConfig: Setting CVar [[r.Streaming.AmortizeCPUToGPUCopy:0]]
[2025.10.18-13.57.37:496][  0]LogConfig: Setting CVar [[r.Streaming.MaxNumTexturesToStreamPerFrame:0]]
[2025.10.18-13.57.37:496][  0]LogConfig: Setting CVar [[r.Streaming.Boost:1]]
[2025.10.18-13.57.37:496][  0]LogConfig: Setting CVar [[r.MaxAnisotropy:8]]
[2025.10.18-13.57.37:496][  0]LogConfig: Setting CVar [[r.VT.MaxAnisotropy:8]]
[2025.10.18-13.57.37:496][  0]LogConfig: Setting CVar [[r.Streaming.LimitPoolSizeToVRAM:0]]
[2025.10.18-13.57.37:496][  0]LogConfig: Setting CVar [[r.Streaming.PoolSize:1000]]
[2025.10.18-13.57.37:496][  0]LogConfig: Setting CVar [[r.Streaming.MaxEffectiveScreenSize:0]]
[2025.10.18-13.57.37:496][  0]LogConfig: Applying CVar settings from Section [EffectsQuality@3] File [D:/上传官网2/sdjqr-zj1/Robotic Vacuum Cleaner ZJVol1/Saved/Config/Windows/Scalability.ini]
[2025.10.18-13.57.37:496][  0]LogConfig: Setting CVar [[r.TranslucencyLightingVolumeDim:64]]
[2025.10.18-13.57.37:496][  0]LogConfig: Setting CVar [[r.RefractionQuality:2]]
[2025.10.18-13.57.37:496][  0]LogConfig: Setting CVar [[r.SSR.Quality:3]]
[2025.10.18-13.57.37:496][  0]LogConfig: Setting CVar [[r.SSR.HalfResSceneColor:0]]
[2025.10.18-13.57.37:496][  0]LogConfig: Setting CVar [[r.SceneColorFormat:4]]
[2025.10.18-13.57.37:496][  0]LogConfig: Setting CVar [[r.DetailMode:2]]
[2025.10.18-13.57.37:496][  0]LogConfig: Setting CVar [[r.TranslucencyVolumeBlur:1]]
[2025.10.18-13.57.37:496][  0]LogConfig: Setting CVar [[r.MaterialQualityLevel:1 ; High quality]]
[2025.10.18-13.57.37:496][  0]LogConfig: Setting CVar [[r.AnisotropicMaterials:1]]
[2025.10.18-13.57.37:496][  0]LogConfig: Setting CVar [[r.SSS.Scale:1]]
[2025.10.18-13.57.37:496][  0]LogConfig: Setting CVar [[r.SSS.SampleSet:2]]
[2025.10.18-13.57.37:496][  0]LogConfig: Setting CVar [[r.SSS.Quality:1]]
[2025.10.18-13.57.37:496][  0]LogConfig: Setting CVar [[r.SSS.HalfRes:0]]
[2025.10.18-13.57.37:496][  0]LogConfig: Setting CVar [[r.SSGI.Quality:3]]
[2025.10.18-13.57.37:496][  0]LogConfig: Setting CVar [[r.EmitterSpawnRateScale:1.0]]
[2025.10.18-13.57.37:496][  0]LogConfig: Setting CVar [[r.ParticleLightQuality:2]]
[2025.10.18-13.57.37:496][  0]LogConfig: Setting CVar [[r.SkyAtmosphere.AerialPerspectiveLUT.FastApplyOnOpaque:1 ; Always have FastSkyLUT 1 in this case to avoid wrong sky]]
[2025.10.18-13.57.37:496][  0]LogConfig: Setting CVar [[r.SkyAtmosphere.AerialPerspectiveLUT.SampleCountMaxPerSlice:4]]
[2025.10.18-13.57.37:496][  0]LogConfig: Setting CVar [[r.SkyAtmosphere.AerialPerspectiveLUT.DepthResolution:16.0]]
[2025.10.18-13.57.37:497][  0]LogConfig: Setting CVar [[r.SkyAtmosphere.FastSkyLUT:1]]
[2025.10.18-13.57.37:497][  0]LogConfig: Setting CVar [[r.SkyAtmosphere.FastSkyLUT.SampleCountMin:4.0]]
[2025.10.18-13.57.37:497][  0]LogConfig: Setting CVar [[r.SkyAtmosphere.FastSkyLUT.SampleCountMax:128.0]]
[2025.10.18-13.57.37:497][  0]LogConfig: Setting CVar [[r.SkyAtmosphere.SampleCountMin:4.0]]
[2025.10.18-13.57.37:497][  0]LogConfig: Setting CVar [[r.SkyAtmosphere.SampleCountMax:128.0]]
[2025.10.18-13.57.37:497][  0]LogConfig: Setting CVar [[r.SkyAtmosphere.TransmittanceLUT.UseSmallFormat:0]]
[2025.10.18-13.57.37:497][  0]LogConfig: Setting CVar [[r.SkyAtmosphere.TransmittanceLUT.SampleCount:10.0]]
[2025.10.18-13.57.37:497][  0]LogConfig: Setting CVar [[r.SkyAtmosphere.MultiScatteringLUT.SampleCount:15.0]]
[2025.10.18-13.57.37:497][  0]LogConfig: Setting CVar [[r.SkyLight.RealTimeReflectionCapture:1]]
[2025.10.18-13.57.37:497][  0]LogConfig: Applying CVar settings from Section [FoliageQuality@3] File [D:/上传官网2/sdjqr-zj1/Robotic Vacuum Cleaner ZJVol1/Saved/Config/Windows/Scalability.ini]
[2025.10.18-13.57.37:497][  0]LogConfig: Setting CVar [[foliage.DensityScale:1.0]]
[2025.10.18-13.57.37:497][  0]LogConfig: Setting CVar [[grass.DensityScale:1.0]]
[2025.10.18-13.57.37:497][  0]LogConfig: Applying CVar settings from Section [ShadingQuality@3] File [D:/上传官网2/sdjqr-zj1/Robotic Vacuum Cleaner ZJVol1/Saved/Config/Windows/Scalability.ini]
[2025.10.18-13.57.37:497][  0]LogConfig: Setting CVar [[r.HairStrands.SkyLighting.IntegrationType:2]]
[2025.10.18-13.57.37:497][  0]LogConfig: Setting CVar [[r.HairStrands.SkyAO.SampleCount:4]]
[2025.10.18-13.57.37:497][  0]LogConfig: Setting CVar [[r.HairStrands.Visibility.MSAA.SamplePerPixel:4]]
[2025.10.18-13.57.37:497][  0]LogInit: Selected Device Profile: [Windows]
[2025.10.18-13.57.37:497][  0]LogInit: Applying CVar settings loaded from the selected device profile: [Windows]
[2025.10.18-13.57.37:497][  0]LogHAL: Display: Platform has ~ 32 GB [34160525312 / 34359738368 / 32], which maps to Largest [LargestMinGB=32, LargerMinGB=12, DefaultMinGB=8, SmallerMinGB=6, SmallestMinGB=0)
[2025.10.18-13.57.37:497][  0]LogInit: Going up to parent DeviceProfile []
[2025.10.18-13.57.37:497][  0]LogConfig: Applying CVar settings from Section [ViewDistanceQuality@3] File [D:/上传官网2/sdjqr-zj1/Robotic Vacuum Cleaner ZJVol1/Saved/Config/Windows/Scalability.ini]
[2025.10.18-13.57.37:497][  0]LogConfig: Setting CVar [[r.SkeletalMeshLODBias:0]]
[2025.10.18-13.57.37:497][  0]LogConfig: Setting CVar [[r.ViewDistanceScale:1.0]]
[2025.10.18-13.57.37:497][  0]LogConfig: Applying CVar settings from Section [AntiAliasingQuality@3] File [D:/上传官网2/sdjqr-zj1/Robotic Vacuum Cleaner ZJVol1/Saved/Config/Windows/Scalability.ini]
[2025.10.18-13.57.37:497][  0]LogConfig: Setting CVar [[r.PostProcessAAQuality:4]]
[2025.10.18-13.57.37:497][  0]LogConfig: Applying CVar settings from Section [ShadowQuality@3] File [D:/上传官网2/sdjqr-zj1/Robotic Vacuum Cleaner ZJVol1/Saved/Config/Windows/Scalability.ini]
[2025.10.18-13.57.37:497][  0]LogConfig: Setting CVar [[r.LightFunctionQuality:1]]
[2025.10.18-13.57.37:497][  0]LogConfig: Setting CVar [[r.ShadowQuality:5]]
[2025.10.18-13.57.37:497][  0]LogConfig: Setting CVar [[r.Shadow.CSM.MaxCascades:10]]
[2025.10.18-13.57.37:497][  0]LogConfig: Setting CVar [[r.Shadow.MaxResolution:2048]]
[2025.10.18-13.57.37:497][  0]LogConfig: Setting CVar [[r.Shadow.MaxCSMResolution:2048]]
[2025.10.18-13.57.37:497][  0]LogConfig: Setting CVar [[r.Shadow.RadiusThreshold:0.01]]
[2025.10.18-13.57.37:497][  0]LogConfig: Setting CVar [[r.Shadow.DistanceScale:1.0]]
[2025.10.18-13.57.37:497][  0]LogConfig: Setting CVar [[r.Shadow.CSM.TransitionScale:1.0]]
[2025.10.18-13.57.37:497][  0]LogConfig: Setting CVar [[r.Shadow.PreShadowResolutionFactor:1.0]]
[2025.10.18-13.57.37:497][  0]LogConfig: Setting CVar [[r.DistanceFieldShadowing:1]]
[2025.10.18-13.57.37:497][  0]LogConfig: Setting CVar [[r.DistanceFieldAO:1]]
[2025.10.18-13.57.37:497][  0]LogConfig: Setting CVar [[r.AOQuality:2]]
[2025.10.18-13.57.37:497][  0]LogConfig: Setting CVar [[r.VolumetricFog:1]]
[2025.10.18-13.57.37:497][  0]LogConfig: Setting CVar [[r.VolumetricFog.GridPixelSize:8]]
[2025.10.18-13.57.37:497][  0]LogConfig: Setting CVar [[r.VolumetricFog.GridSizeZ:128]]
[2025.10.18-13.57.37:497][  0]LogConfig: Setting CVar [[r.VolumetricFog.HistoryMissSupersampleCount:4]]
[2025.10.18-13.57.37:497][  0]LogConfig: Setting CVar [[r.LightMaxDrawDistanceScale:1]]
[2025.10.18-13.57.37:497][  0]LogConfig: Setting CVar [[r.CapsuleShadows:1]]
[2025.10.18-13.57.37:497][  0]LogConfig: Applying CVar settings from Section [PostProcessQuality@3] File [D:/上传官网2/sdjqr-zj1/Robotic Vacuum Cleaner ZJVol1/Saved/Config/Windows/Scalability.ini]
[2025.10.18-13.57.37:497][  0]LogConfig: Setting CVar [[r.MotionBlurQuality:4]]
[2025.10.18-13.57.37:497][  0]LogConfig: Setting CVar [[r.AmbientOcclusionMipLevelFactor:0.4]]
[2025.10.18-13.57.37:497][  0]LogConfig: Setting CVar [[r.AmbientOcclusionMaxQuality:100]]
[2025.10.18-13.57.37:497][  0]LogConfig: Setting CVar [[r.AmbientOcclusionLevels:-1]]
[2025.10.18-13.57.37:497][  0]LogConfig: Setting CVar [[r.AmbientOcclusionRadiusScale:1.0]]
[2025.10.18-13.57.37:497][  0]LogConfig: Setting CVar [[r.DepthOfFieldQuality:2]]
[2025.10.18-13.57.37:497][  0]LogConfig: Setting CVar [[r.RenderTargetPoolMin:400]]
[2025.10.18-13.57.37:497][  0]LogConfig: Setting CVar [[r.LensFlareQuality:2]]
[2025.10.18-13.57.37:497][  0]LogConfig: Setting CVar [[r.SceneColorFringeQuality:1]]
[2025.10.18-13.57.37:497][  0]LogConfig: Setting CVar [[r.EyeAdaptationQuality:2]]
[2025.10.18-13.57.37:497][  0]LogConfig: Setting CVar [[r.BloomQuality:5]]
[2025.10.18-13.57.37:497][  0]LogConfig: Setting CVar [[r.FastBlurThreshold:100]]
[2025.10.18-13.57.37:497][  0]LogConfig: Setting CVar [[r.Upscale.Quality:3]]
[2025.10.18-13.57.37:497][  0]LogConfig: Setting CVar [[r.Tonemapper.GrainQuantization:1]]
[2025.10.18-13.57.37:497][  0]LogConfig: Setting CVar [[r.LightShaftQuality:1]]
[2025.10.18-13.57.37:497][  0]LogConfig: Setting CVar [[r.Filter.SizeScale:1]]
[2025.10.18-13.57.37:497][  0]LogConfig: Setting CVar [[r.Tonemapper.Quality:5]]
[2025.10.18-13.57.37:497][  0]LogConfig: Setting CVar [[r.DOF.Gather.AccumulatorQuality:1        ; higher gathering accumulator quality]]
[2025.10.18-13.57.37:497][  0]LogConfig: Setting CVar [[r.DOF.Gather.PostfilterMethod:1          ; Median3x3 postfilering method]]
[2025.10.18-13.57.37:497][  0]LogConfig: Setting CVar [[r.DOF.Gather.EnableBokehSettings:0       ; no bokeh simulation when gathering]]
[2025.10.18-13.57.37:497][  0]LogConfig: Setting CVar [[r.DOF.Gather.RingCount:4                 ; medium number of samples when gathering]]
[2025.10.18-13.57.37:497][  0]LogConfig: Setting CVar [[r.DOF.Scatter.ForegroundCompositing:1    ; additive foreground scattering]]
[2025.10.18-13.57.37:497][  0]LogConfig: Setting CVar [[r.DOF.Scatter.BackgroundCompositing:2    ; additive background scattering]]
[2025.10.18-13.57.37:497][  0]LogConfig: Setting CVar [[r.DOF.Scatter.EnableBokehSettings:1      ; bokeh simulation when scattering]]
[2025.10.18-13.57.37:497][  0]LogConfig: Setting CVar [[r.DOF.Scatter.MaxSpriteRatio:0.1         ; only a maximum of 10% of scattered bokeh]]
[2025.10.18-13.57.37:497][  0]LogConfig: Setting CVar [[r.DOF.Recombine.Quality:1                ; cheap slight out of focus]]
[2025.10.18-13.57.37:497][  0]LogConfig: Setting CVar [[r.DOF.Recombine.EnableBokehSettings:0    ; no bokeh simulation on slight out of focus]]
[2025.10.18-13.57.37:497][  0]LogConfig: Setting CVar [[r.DOF.TemporalAAQuality:1                ; more stable temporal accumulation]]
[2025.10.18-13.57.37:497][  0]LogConfig: Setting CVar [[r.DOF.Kernel.MaxForegroundRadius:0.025]]
[2025.10.18-13.57.37:497][  0]LogConfig: Setting CVar [[r.DOF.Kernel.MaxBackgroundRadius:0.025]]
[2025.10.18-13.57.37:497][  0]LogConfig: Applying CVar settings from Section [TextureQuality@3] File [D:/上传官网2/sdjqr-zj1/Robotic Vacuum Cleaner ZJVol1/Saved/Config/Windows/Scalability.ini]
[2025.10.18-13.57.37:497][  0]LogConfig: Setting CVar [[r.Streaming.MipBias:0]]
[2025.10.18-13.57.37:497][  0]LogConfig: Setting CVar [[r.Streaming.AmortizeCPUToGPUCopy:0]]
[2025.10.18-13.57.37:497][  0]LogConfig: Setting CVar [[r.Streaming.MaxNumTexturesToStreamPerFrame:0]]
[2025.10.18-13.57.37:497][  0]LogConfig: Setting CVar [[r.Streaming.Boost:1]]
[2025.10.18-13.57.37:497][  0]LogConfig: Setting CVar [[r.MaxAnisotropy:8]]
[2025.10.18-13.57.37:497][  0]LogConfig: Setting CVar [[r.VT.MaxAnisotropy:8]]
[2025.10.18-13.57.37:497][  0]LogConfig: Setting CVar [[r.Streaming.LimitPoolSizeToVRAM:0]]
[2025.10.18-13.57.37:497][  0]LogConfig: Setting CVar [[r.Streaming.PoolSize:1000]]
[2025.10.18-13.57.37:497][  0]LogConfig: Setting CVar [[r.Streaming.MaxEffectiveScreenSize:0]]
[2025.10.18-13.57.37:497][  0]LogConfig: Applying CVar settings from Section [EffectsQuality@3] File [D:/上传官网2/sdjqr-zj1/Robotic Vacuum Cleaner ZJVol1/Saved/Config/Windows/Scalability.ini]
[2025.10.18-13.57.37:497][  0]LogConfig: Setting CVar [[r.TranslucencyLightingVolumeDim:64]]
[2025.10.18-13.57.37:497][  0]LogConfig: Setting CVar [[r.RefractionQuality:2]]
[2025.10.18-13.57.37:497][  0]LogConfig: Setting CVar [[r.SSR.Quality:3]]
[2025.10.18-13.57.37:497][  0]LogConfig: Setting CVar [[r.SSR.HalfResSceneColor:0]]
[2025.10.18-13.57.37:497][  0]LogConfig: Setting CVar [[r.SceneColorFormat:4]]
[2025.10.18-13.57.37:497][  0]LogConfig: Setting CVar [[r.DetailMode:2]]
[2025.10.18-13.57.37:497][  0]LogConfig: Setting CVar [[r.TranslucencyVolumeBlur:1]]
[2025.10.18-13.57.37:497][  0]LogConfig: Setting CVar [[r.MaterialQualityLevel:1 ; High quality]]
[2025.10.18-13.57.37:497][  0]LogConfig: Setting CVar [[r.AnisotropicMaterials:1]]
[2025.10.18-13.57.37:497][  0]LogConfig: Setting CVar [[r.SSS.Scale:1]]
[2025.10.18-13.57.37:497][  0]LogConfig: Setting CVar [[r.SSS.SampleSet:2]]
[2025.10.18-13.57.37:497][  0]LogConfig: Setting CVar [[r.SSS.Quality:1]]
[2025.10.18-13.57.37:497][  0]LogConfig: Setting CVar [[r.SSS.HalfRes:0]]
[2025.10.18-13.57.37:497][  0]LogConfig: Setting CVar [[r.SSGI.Quality:3]]
[2025.10.18-13.57.37:497][  0]LogConfig: Setting CVar [[r.EmitterSpawnRateScale:1.0]]
[2025.10.18-13.57.37:497][  0]LogConfig: Setting CVar [[r.ParticleLightQuality:2]]
[2025.10.18-13.57.37:497][  0]LogConfig: Setting CVar [[r.SkyAtmosphere.AerialPerspectiveLUT.FastApplyOnOpaque:1 ; Always have FastSkyLUT 1 in this case to avoid wrong sky]]
[2025.10.18-13.57.37:497][  0]LogConfig: Setting CVar [[r.SkyAtmosphere.AerialPerspectiveLUT.SampleCountMaxPerSlice:4]]
[2025.10.18-13.57.37:498][  0]LogConfig: Setting CVar [[r.SkyAtmosphere.AerialPerspectiveLUT.DepthResolution:16.0]]
[2025.10.18-13.57.37:498][  0]LogConfig: Setting CVar [[r.SkyAtmosphere.FastSkyLUT:1]]
[2025.10.18-13.57.37:498][  0]LogConfig: Setting CVar [[r.SkyAtmosphere.FastSkyLUT.SampleCountMin:4.0]]
[2025.10.18-13.57.37:498][  0]LogConfig: Setting CVar [[r.SkyAtmosphere.FastSkyLUT.SampleCountMax:128.0]]
[2025.10.18-13.57.37:498][  0]LogConfig: Setting CVar [[r.SkyAtmosphere.SampleCountMin:4.0]]
[2025.10.18-13.57.37:498][  0]LogConfig: Setting CVar [[r.SkyAtmosphere.SampleCountMax:128.0]]
[2025.10.18-13.57.37:498][  0]LogConfig: Setting CVar [[r.SkyAtmosphere.TransmittanceLUT.UseSmallFormat:0]]
[2025.10.18-13.57.37:498][  0]LogConfig: Setting CVar [[r.SkyAtmosphere.TransmittanceLUT.SampleCount:10.0]]
[2025.10.18-13.57.37:498][  0]LogConfig: Setting CVar [[r.SkyAtmosphere.MultiScatteringLUT.SampleCount:15.0]]
[2025.10.18-13.57.37:498][  0]LogConfig: Setting CVar [[r.SkyLight.RealTimeReflectionCapture:1]]
[2025.10.18-13.57.37:498][  0]LogConfig: Applying CVar settings from Section [FoliageQuality@3] File [D:/上传官网2/sdjqr-zj1/Robotic Vacuum Cleaner ZJVol1/Saved/Config/Windows/Scalability.ini]
[2025.10.18-13.57.37:498][  0]LogConfig: Setting CVar [[foliage.DensityScale:1.0]]
[2025.10.18-13.57.37:498][  0]LogConfig: Setting CVar [[grass.DensityScale:1.0]]
[2025.10.18-13.57.37:498][  0]LogConfig: Applying CVar settings from Section [ShadingQuality@3] File [D:/上传官网2/sdjqr-zj1/Robotic Vacuum Cleaner ZJVol1/Saved/Config/Windows/Scalability.ini]
[2025.10.18-13.57.37:498][  0]LogConfig: Setting CVar [[r.HairStrands.SkyLighting.IntegrationType:2]]
[2025.10.18-13.57.37:498][  0]LogConfig: Setting CVar [[r.HairStrands.SkyAO.SampleCount:4]]
[2025.10.18-13.57.37:498][  0]LogConfig: Setting CVar [[r.HairStrands.Visibility.MSAA.SamplePerPixel:4]]
[2025.10.18-13.57.37:498][  0]LogConfig: Applying CVar settings from Section [Startup] File [../../../Engine/Config/ConsoleVariables.ini]
[2025.10.18-13.57.37:498][  0]LogConfig: Setting CVar [[net.UseAdaptiveNetUpdateFrequency:0]]
[2025.10.18-13.57.37:498][  0]LogConfig: Setting CVar [[p.chaos.AllowCreatePhysxBodies:1]]
[2025.10.18-13.57.37:498][  0]LogConfig: Setting CVar [[fx.SkipVectorVMBackendOptimizations:1]]
[2025.10.18-13.57.37:498][  0]LogConfig: Applying CVar settings from Section [ConsoleVariables] File [D:/上传官网2/sdjqr-zj1/Robotic Vacuum Cleaner ZJVol1/Saved/Config/Windows/Engine.ini]
[2025.10.18-13.57.37:498][  0]LogConfig: Applying CVar settings from Section [ConsoleVariables] File [D:/上传官网2/sdjqr-zj1/Robotic Vacuum Cleaner ZJVol1/Saved/Config/Windows/Editor.ini]
[2025.10.18-13.57.37:498][  0]LogInit: Computer: NEW
[2025.10.18-13.57.37:498][  0]LogInit: User: Administrator
[2025.10.18-13.57.37:498][  0]LogInit: CPU Page size=4096, Cores=6
[2025.10.18-13.57.37:498][  0]LogInit: High frequency timer resolution =10.000000 MHz
[2025.10.18-13.57.37:498][  0]LogMemory: Memory total: Physical=31.8GB (32GB approx)
[2025.10.18-13.57.37:498][  0]LogMemory: Platform Memory Stats for Windows
[2025.10.18-13.57.37:498][  0]LogMemory: Process Physical Memory: 147.54 MB used, 147.54 MB peak
[2025.10.18-13.57.37:498][  0]LogMemory: Process Virtual Memory: 131.61 MB used, 131.61 MB peak
[2025.10.18-13.57.37:498][  0]LogMemory: Physical Memory: 10990.85 MB used,  21587.16 MB free, 32578.02 MB total
[2025.10.18-13.57.37:498][  0]LogMemory: Virtual Memory: 134187288.00 MB used,  30436.81 MB free, 134217728.00 MB total
[2025.10.18-13.57.37:499][  0]LogWindows: WindowsPlatformFeatures enabled
[2025.10.18-13.57.37:560][  0]LogInit: Physics initialised using underlying interface: PhysX
[2025.10.18-13.57.37:561][  0]LogInit: Using OS detected language (zh-CN).
[2025.10.18-13.57.37:561][  0]LogInit: Using OS detected locale (zh-CN).
[2025.10.18-13.57.37:563][  0]LogTextLocalizationManager: No specific localization for 'zh-CN' exists, so the 'zh-Hans' localization will be used.
[2025.10.18-13.57.37:672][  0]LogTextLocalizationResource: LocRes '../../../Engine/Content/Localization/Editor/zh/Editor.locres' could not be opened for reading!
[2025.10.18-13.57.37:672][  0]LogTextLocalizationResource: LocRes '../../../Engine/Content/Localization/EditorTutorials/zh/EditorTutorials.locres' could not be opened for reading!
[2025.10.18-13.57.37:673][  0]LogTextLocalizationResource: LocRes '../../../Engine/Content/Localization/Keywords/zh/Keywords.locres' could not be opened for reading!
[2025.10.18-13.57.37:673][  0]LogTextLocalizationResource: LocRes '../../../Engine/Content/Localization/Category/zh/Category.locres' could not be opened for reading!
[2025.10.18-13.57.37:673][  0]LogTextLocalizationResource: LocRes '../../../Engine/Content/Localization/ToolTips/zh/ToolTips.locres' could not be opened for reading!
[2025.10.18-13.57.37:673][  0]LogTextLocalizationResource: LocRes '../../../Engine/Content/Localization/PropertyNames/zh/PropertyNames.locres' could not be opened for reading!
[2025.10.18-13.57.37:673][  0]LogTextLocalizationResource: LocRes '../../../Engine/Content/Localization/Engine/zh/Engine.locres' could not be opened for reading!
[2025.10.18-13.57.37:673][  0]LogTextLocalizationResource: LocRes '../../../Engine/Plugins/Online/OnlineSubsystem/Content/Localization/OnlineSubsystem/zh/OnlineSubsystem.locres' could not be opened for reading!
[2025.10.18-13.57.37:673][  0]LogTextLocalizationResource: LocRes '../../../Engine/Plugins/Online/OnlineSubsystemUtils/Content/Localization/OnlineSubsystemUtils/zh/OnlineSubsystemUtils.locres' could not be opened for reading!
[2025.10.18-13.57.37:673][  0]LogTextLocalizationResource: LocRes '../../../Engine/Plugins/Online/Android/OnlineSubsystemGooglePlay/Content/Localization/OnlineSubsystemGooglePlay/zh/OnlineSubsystemGooglePlay.locres' could not be opened for reading!
[2025.10.18-13.57.37:673][  0]LogTextLocalizationResource: LocRes '../../../Engine/Plugins/Online/IOS/OnlineSubsystemIOS/Content/Localization/OnlineSubsystemIOS/zh/OnlineSubsystemIOS.locres' could not be opened for reading!
[2025.10.18-13.57.37:721][  0]LogInit: Setting process to per monitor DPI aware
[2025.10.18-13.57.37:735][  0]LogWindowsTextInputMethodSystem: Display: IME system deactivated.
[2025.10.18-13.57.37:762][  0]LogSlate: New Slate User Created.  User Index 0, Is Virtual User: 0
[2025.10.18-13.57.37:762][  0]LogSlate: Slate User Registered.  User Index 0, Is Virtual User: 0
[2025.10.18-13.57.37:933][  0]LogD3D11RHI: Loaded GFSDK_Aftermath_Lib.x64.dll
[2025.10.18-13.57.37:936][  0]LogHMD: Failed to initialize OpenVR with code 110
[2025.10.18-13.57.37:936][  0]LogD3D11RHI: D3D11 min allowed feature level: 11_0
[2025.10.18-13.57.37:936][  0]LogD3D11RHI: D3D11 max allowed feature level: 11_0
[2025.10.18-13.57.37:937][  0]LogD3D11RHI: D3D11 adapters:
[2025.10.18-13.57.38:140][  0]LogD3D11RHI:    0. 'NVIDIA GeForce GTX 1660' (Feature Level 11_0)
[2025.10.18-13.57.38:140][  0]LogD3D11RHI:       5966/0/16289 MB DedicatedVideo/DedicatedSystem/SharedSystem, Outputs:1, VendorId:0x10de
[2025.10.18-13.57.38:142][  0]LogD3D11RHI:    1. 'Microsoft Basic Render Driver' (Feature Level 11_0)
[2025.10.18-13.57.38:142][  0]LogD3D11RHI:       0/0/16289 MB DedicatedVideo/DedicatedSystem/SharedSystem, Outputs:0, VendorId:0x1414
[2025.10.18-13.57.38:278][  0]LogD3D11RHI:    2. 'NVIDIA GeForce GTX 1660' (Feature Level 11_0)
[2025.10.18-13.57.38:279][  0]LogD3D11RHI:       5966/0/16289 MB DedicatedVideo/DedicatedSystem/SharedSystem, Outputs:0, VendorId:0x10de
[2025.10.18-13.57.38:279][  0]LogD3D11RHI: Chosen D3D11 Adapter:
[2025.10.18-13.57.38:279][  0]LogD3D11RHI:     Description : NVIDIA GeForce GTX 1660
[2025.10.18-13.57.38:279][  0]LogD3D11RHI:     VendorId    : 10de
[2025.10.18-13.57.38:279][  0]LogD3D11RHI:     DeviceId    : 2184
[2025.10.18-13.57.38:279][  0]LogD3D11RHI:     SubSysId    : 155119da
[2025.10.18-13.57.38:279][  0]LogD3D11RHI:     Revision    : 00a1
[2025.10.18-13.57.38:279][  0]LogD3D11RHI:     DedicatedVideoMemory : 6255804416 bytes
[2025.10.18-13.57.38:279][  0]LogD3D11RHI:     DedicatedSystemMemory : 0 bytes
[2025.10.18-13.57.38:279][  0]LogD3D11RHI:     SharedSystemMemory : 17080262656 bytes
[2025.10.18-13.57.38:279][  0]LogD3D11RHI:     AdapterLuid : 0 62190
[2025.10.18-13.57.38:285][  0]LogD3D11RHI: Creating new Direct3DDevice
[2025.10.18-13.57.38:285][  0]LogD3D11RHI:     GPU DeviceId: 0x2184 (for the marketing name, search the web for "GPU Device Id")
[2025.10.18-13.57.38:285][  0]LogWindows: EnumDisplayDevices:
[2025.10.18-13.57.38:285][  0]LogWindows:    0. 'NVIDIA GeForce GTX 1660' (P:1 D:1)
[2025.10.18-13.57.38:285][  0]LogWindows:    1. 'NVIDIA GeForce GTX 1660' (P:0 D:0)
[2025.10.18-13.57.38:285][  0]LogWindows:    2. 'NVIDIA GeForce GTX 1660' (P:0 D:0)
[2025.10.18-13.57.38:286][  0]LogWindows:    3. 'NVIDIA GeForce GTX 1660' (P:0 D:0)
[2025.10.18-13.57.38:286][  0]LogWindows:    4. 'OrayIddDriver Device' (P:0 D:0)
[2025.10.18-13.57.38:286][  0]LogWindows:    5. 'OrayIddDriver Device' (P:0 D:0)
[2025.10.18-13.57.38:286][  0]LogWindows:    6. 'OrayIddDriver Device' (P:0 D:0)
[2025.10.18-13.57.38:287][  0]LogWindows:    7. 'OrayIddDriver Device' (P:0 D:0)
[2025.10.18-13.57.38:287][  0]LogWindows:    8. 'OrayIddDriver Device' (P:0 D:0)
[2025.10.18-13.57.38:287][  0]LogWindows:    9. 'OrayIddDriver Device' (P:0 D:0)
[2025.10.18-13.57.38:287][  0]LogWindows:    10. 'OrayIddDriver Device' (P:0 D:0)
[2025.10.18-13.57.38:287][  0]LogWindows:    11. 'OrayIddDriver Device' (P:0 D:0)
[2025.10.18-13.57.38:288][  0]LogWindows:    12. 'OrayIddDriver Device' (P:0 D:0)
[2025.10.18-13.57.38:288][  0]LogWindows:    13. 'OrayIddDriver Device' (P:0 D:0)
[2025.10.18-13.57.38:288][  0]LogWindows: DebugString: GetVideoDriverDetailsInvalid PrimaryIsNotTheChoosenAdapter GetVideoDriverDetailsInvalid PrimaryIsNotTheChoosenAdapter GetVideoDriverDetailsInvalid PrimaryIsNotTheChoosenAdapter GetVideoDriverDetailsInvalid PrimaryIsNotTheChoosenAdapter GetVideoDriverDetailsInvalid PrimaryIsNotTheChoosenAdapter GetVideoDriverDetailsInvalid PrimaryIsNotTheChoosenAdapter GetVideoDriverDetailsInvalid PrimaryIsNotTheChoosenAdapter GetVideoDriverDetailsInvalid PrimaryIsNotTheChoosenAdapter GetVideoDriverDetailsInvalid PrimaryIsNotTheChoosenAdapter GetVideoDriverDetailsInvalid PrimaryIsNotTheChoosenAdapter FoundDriverCount:4 
[2025.10.18-13.57.38:288][  0]LogD3D11RHI:     Adapter Name: NVIDIA GeForce GTX 1660
[2025.10.18-13.57.38:288][  0]LogD3D11RHI:   Driver Version: 576.88 (internal:32.0.15.7688, unified:576.88)
[2025.10.18-13.57.38:288][  0]LogD3D11RHI:      Driver Date: 6-24-2025
[2025.10.18-13.57.38:288][  0]LogRHI: Texture pool is 4176 MB (70% of 5966 MB)
[2025.10.18-13.57.38:288][  0]LogD3D11RHI: Creating D3DDevice using adapter:
[2025.10.18-13.57.38:288][  0]LogD3D11RHI:     Description : NVIDIA GeForce GTX 1660
[2025.10.18-13.57.38:288][  0]LogD3D11RHI:     VendorId    : 10de
[2025.10.18-13.57.38:288][  0]LogD3D11RHI:     DeviceId    : 2184
[2025.10.18-13.57.38:288][  0]LogD3D11RHI:     SubSysId    : 155119da
[2025.10.18-13.57.38:288][  0]LogD3D11RHI:     Revision    : 00a1
[2025.10.18-13.57.38:288][  0]LogD3D11RHI:     DedicatedVideoMemory : 6255804416 bytes
[2025.10.18-13.57.38:288][  0]LogD3D11RHI:     DedicatedSystemMemory : 0 bytes
[2025.10.18-13.57.38:288][  0]LogD3D11RHI:     SharedSystemMemory : 17080262656 bytes
[2025.10.18-13.57.38:288][  0]LogD3D11RHI:     AdapterLuid : 0 62190
[2025.10.18-13.57.38:435][  0]LogD3D11RHI: RHI has support for 64 bit atomics
[2025.10.18-13.57.38:435][  0]LogD3D11RHI: Async texture creation enabled
[2025.10.18-13.57.38:435][  0]LogD3D11RHI: Array index from any shader is supported
[2025.10.18-13.57.38:448][  0]LogD3D11RHI: GPU Timing Frequency: 1000.000000 (Debug: 2 1)
[2025.10.18-13.57.38:481][  0]LogRHI: GeForceNow SDK initialized: 1
[2025.10.18-13.57.38:774][  0]LogTargetPlatformManager: Display: Loaded TargetPlatform 'AllDesktop'
[2025.10.18-13.57.38:794][  0]LogTargetPlatformManager: Display: Loaded TargetPlatform 'Android'
[2025.10.18-13.57.38:794][  0]LogTargetPlatformManager: Display: Loaded TargetPlatform 'Android_ASTC'
[2025.10.18-13.57.38:794][  0]LogTargetPlatformManager: Display: Loaded TargetPlatform 'Android_DXT'
[2025.10.18-13.57.38:794][  0]LogTargetPlatformManager: Display: Loaded TargetPlatform 'Android_ETC2'
[2025.10.18-13.57.38:794][  0]LogTargetPlatformManager: Display: Loaded TargetPlatform 'AndroidClient'
[2025.10.18-13.57.38:794][  0]LogTargetPlatformManager: Display: Loaded TargetPlatform 'Android_ASTCClient'
[2025.10.18-13.57.38:794][  0]LogTargetPlatformManager: Display: Loaded TargetPlatform 'Android_DXTClient'
[2025.10.18-13.57.38:794][  0]LogTargetPlatformManager: Display: Loaded TargetPlatform 'Android_ETC2Client'
[2025.10.18-13.57.38:794][  0]LogTargetPlatformManager: Display: Loaded TargetPlatform 'Android_Multi'
[2025.10.18-13.57.38:794][  0]LogTargetPlatformManager: Display: Loaded TargetPlatform 'Android_MultiClient'
[2025.10.18-13.57.38:810][  0]LogTargetPlatformManager: Display: Loaded TargetPlatform 'IOSClient'
[2025.10.18-13.57.38:810][  0]LogTargetPlatformManager: Display: Loaded TargetPlatform 'IOS'
[2025.10.18-13.57.38:817][  0]LogTargetPlatformManager: Display: Loaded TargetPlatform 'Linux'
[2025.10.18-13.57.38:821][  0]LogTargetPlatformManager: Display: Loaded TargetPlatform 'LinuxNoEditor'
[2025.10.18-13.57.38:825][  0]LogTargetPlatformManager: Display: Loaded TargetPlatform 'LinuxClient'
[2025.10.18-13.57.38:829][  0]LogTargetPlatformManager: Display: Loaded TargetPlatform 'LinuxServer'
[2025.10.18-13.57.38:836][  0]LogTargetPlatformManager: Display: Loaded TargetPlatform 'LinuxAArch64NoEditor'
[2025.10.18-13.57.38:840][  0]LogTargetPlatformManager: Display: Loaded TargetPlatform 'LinuxAArch64Client'
[2025.10.18-13.57.38:844][  0]LogTargetPlatformManager: Display: Loaded TargetPlatform 'LinuxAArch64Server'
[2025.10.18-13.57.38:862][  0]LogTargetPlatformManager: Display: Loaded TargetPlatform 'Lumin'
[2025.10.18-13.57.38:862][  0]LogTargetPlatformManager: Display: Loaded TargetPlatform 'LuminClient'
[2025.10.18-13.57.38:871][  0]LogTargetPlatformManager: Display: Loaded TargetPlatform 'MacNoEditor'
[2025.10.18-13.57.38:877][  0]LogTargetPlatformManager: Display: Loaded TargetPlatform 'Mac'
[2025.10.18-13.57.38:881][  0]LogTargetPlatformManager: Display: Loaded TargetPlatform 'MacClient'
[2025.10.18-13.57.38:886][  0]LogTargetPlatformManager: Display: Loaded TargetPlatform 'MacServer'
[2025.10.18-13.57.38:895][  0]LogTargetPlatformManager: Display: Loaded TargetPlatform 'TVOSClient'
[2025.10.18-13.57.38:895][  0]LogTargetPlatformManager: Display: Loaded TargetPlatform 'TVOS'
[2025.10.18-13.57.38:902][  0]LogTargetPlatformManager: Display: Loaded TargetPlatform 'WindowsNoEditor'
[2025.10.18-13.57.38:906][  0]LogTargetPlatformManager: Display: Loaded TargetPlatform 'Windows'
[2025.10.18-13.57.38:912][  0]LogTargetPlatformManager: Display: Loaded TargetPlatform 'WindowsClient'
[2025.10.18-13.57.38:917][  0]LogTargetPlatformManager: Display: Loaded TargetPlatform 'WindowsServer'
[2025.10.18-13.57.38:917][  0]LogTargetPlatformManager: Display: Building Assets For Windows
[2025.10.18-13.57.38:928][  0]LogAudioDebug: Display: Lib vorbis DLL was dynamically loaded.
[2025.10.18-13.57.38:963][  0]LogTextureFormatOodle: Display: Oodle Texture 2.9.0 init RDO Off
[2025.10.18-13.57.38:994][  0]LogRendererCore: Ray tracing is disabled. Reason: r.RayTracing=0.
[2025.10.18-13.57.38:994][  0]LogShaderCompilers: Guid format shader working directory is -4 characters bigger than the processId version (../../../../上传官网2/sdjqr-zj1/Robotic Vacuum Cleaner ZJVol1/Intermediate/Shaders/WorkingDirectory/10288/).
[2025.10.18-13.57.38:994][  0]LogShaderCompilers: Cleaned the shader compiler working directory 'C:/Users/Administrator/AppData/Local/Temp/UnrealShaderWorkingDir/10DDDC514B27CA5B18E3448CA1B62D06/'.
[2025.10.18-13.57.38:995][  0]LogXGEController: Cannot use XGE Controller as Incredibuild is not installed on this machine.
[2025.10.18-13.57.38:995][  0]LogShaderCompilers: Cannot use XGE Shader Compiler as Incredibuild is not installed on this machine.
[2025.10.18-13.57.38:995][  0]LogShaderCompilers: Display: Using Local Shader Compiler.
[2025.10.18-13.57.39:651][  0]LogDerivedDataCache: Display: Max Cache Size: 512 MB
[2025.10.18-13.57.39:699][  0]LogDerivedDataCache: Loaded boot cache 0.05s 94MB C:/Users/Administrator/AppData/Local/UnrealEngine/4.27/DerivedDataCache/Boot.ddc.
[2025.10.18-13.57.39:699][  0]LogDerivedDataCache: Display: Loaded Boot cache: C:/Users/Administrator/AppData/Local/UnrealEngine/4.27/DerivedDataCache/Boot.ddc
[2025.10.18-13.57.39:699][  0]LogDerivedDataCache: FDerivedDataBackendGraph:  Pak pak cache file ../../../../上传官网2/sdjqr-zj1/Robotic Vacuum Cleaner ZJVol1/DerivedDataCache/DDC.ddp not found, will not use a pak cache.
[2025.10.18-13.57.39:699][  0]LogDerivedDataCache: Unable to find inner node Pak for hierarchical cache Hierarchy.
[2025.10.18-13.57.39:699][  0]LogDerivedDataCache: FDerivedDataBackendGraph:  CompressedPak pak cache file ../../../../上传官网2/sdjqr-zj1/Robotic Vacuum Cleaner ZJVol1/DerivedDataCache/Compressed.ddp not found, will not use a pak cache.
[2025.10.18-13.57.39:699][  0]LogDerivedDataCache: Unable to find inner node CompressedPak for hierarchical cache Hierarchy.
[2025.10.18-13.57.39:714][  0]LogDerivedDataCache: Display: Pak cache opened for reading ../../../Engine/DerivedDataCache/Compressed.ddp.
[2025.10.18-13.57.39:714][  0]LogDerivedDataCache: FDerivedDataBackendGraph:  EnterprisePak pak cache file ../../../Enterprise/DerivedDataCache/Compressed.ddp not found, will not use a pak cache.
[2025.10.18-13.57.39:714][  0]LogDerivedDataCache: Unable to find inner node EnterprisePak for hierarchical cache Hierarchy.
[2025.10.18-13.57.39:723][  0]LogDerivedDataCache: Speed tests for C:/Users/Administrator/AppData/Local/UnrealEngine/Common/DerivedDataCache took 0.01 seconds
[2025.10.18-13.57.39:723][  0]LogDerivedDataCache: Display: Performance to C:/Users/Administrator/AppData/Local/UnrealEngine/Common/DerivedDataCache: Latency=0.07ms. RandomReadSpeed=982.24MBs, RandomWriteSpeed=127.86MBs. Assigned SpeedClass 'Local'
[2025.10.18-13.57.39:724][  0]LogDerivedDataCache: Using Local data cache path C:/Users/Administrator/AppData/Local/UnrealEngine/Common/DerivedDataCache: Writable
[2025.10.18-13.57.39:724][  0]LogDerivedDataCache: Shared data cache path not found in *engine.ini, will not use an Shared cache.
[2025.10.18-13.57.39:724][  0]LogDerivedDataCache: Unable to find inner node Shared for hierarchical cache Hierarchy.
[2025.10.18-13.57.39:762][  0]LogSlate: Using FreeType 2.10.0
[2025.10.18-13.57.39:763][  0]LogSlate: SlateFontServices - WITH_FREETYPE: 1, WITH_HARFBUZZ: 1
[2025.10.18-13.57.39:785][  0]LogAssetRegistry: FAssetRegistry took 0.0022 seconds to start up
[2025.10.18-13.57.39:969][  0]LogInit: Selected Device Profile: [Windows]
[2025.10.18-13.57.39:969][  0]LogInit: Active device profile: [00000219C00D0900][00000219BF0D3600 49] Windows
[2025.10.18-13.57.39:970][  0]LogInit: Profiles: [00000219C00D0900][00000219BF0D3600 49] Windows, [00000219C00A3800][00000219BF0DB780 49] WindowsNoEditor, [00000219C00D3500][00000219C02CF900 49] WindowsServer, [00000219C00A0E00][00000219C02D3A80 49] WindowsClient, [00000219C00D3800][00000219C02D7C00 49] IOS, [00000219C00A2800][00000219C02DA200 49] iPadAir, [00000219C00D2000][00000219C02DE380 49] iPadAir2, [00000219C0044A00][00000219C02E6640 49] IPadPro, [00000219C0044B00][00000219C02E2680 49] iPadAir3, [00000219C00A1900][00000219BF0D67C0 49] iPadAir4, [00000219C0047400][00000219C02EA900 49] iPadMini2, [00000219C00A2A00][00000219C02EEA40 49] iPadMini3, [00000219C0045700][00000219C02F2B80 49] iPadMini4, [00000219C00D1100][00000219C02FAD00 49] iPadMini5, [00000219C0058300][00000219C0376FC0 49] iPhone6, [00000219C0058400][00000219C0303000 49] iPodTouch6, [00000219C0043F00][00000219C03FD2C0 49] iPhone7, [00000219C0043E00][00000219C037B300 49] iPodTouch7, [00000219C00A2500][00000219C0409480 49] iPhone5S, [00000219C0041A00][00000219C0441600 49] iPhone6Plus, [00000219C0058200][00000219B0501780 49] iPhone6S, [00000219C0040600][00000219B051D900 49] iPhone6SPlus, [00000219C005A900][00000219C04E3A80 49] iPhone7Plus, [00000219C0043100][00000219C04E7C00 49] iPhoneSE, [00000219C005A200][00000219C04EA200 49] iPhone8, [00000219C0043B00][00000219B0520380 49] iPhone8Plus, [00000219C0058800][00000219B0524500 49] iPhoneX, [00000219C0041600][00000219B0530680 49] iPhoneXS, [00000219C005BC00][00000219B0534800 49] iPhoneXSMax, [00000219C0040700][00000219C02F6940 49] iPhoneXR, [00000219C0059300][00000219B0538A80 49] iPhone11, [00000219C0042700][00000219BE6FCBC0 49] iPhone11Pro, [00000219C0059000][00000219BE700D00 49] iPhone11ProMax, [00000219C0042A00][00000219BE708E80 49] iPhoneSE2, [00000219C0059400][00000219BE711000 49] iPhone12Mini, [00000219C0042400][00000219BE719180 49] iPhone12, [00000219C0058D00][00000219BCB1B300 49] iPhone12Pro, [00000219C0042B00][00000219BCB1F480 49] iPhone12ProMax, [00000219C005B000][00000219BCB23600 49] iPadPro105, [00000219C0040200][00000219BE74F780 49] iPadPro129, [00000219C005AB00][00000219C0345900 49] iPadPro97, [00000219C0042600][00000219C0349A80 49] iPadPro2_129, [00000219C005BB00][00000219C036DC00 49] iPad5, [00000219C0042200][00000219C0370200 49] iPad6, [00000219C0058F00][00000219BC4D0380 49] iPad7, [00000219C0041D00][00000219BC4D4500 49] iPad8, [00000219C0058900][00000219BC4D8680 49] iPadPro11, [00000219C0040F00][00000219BC4DC800 49] iPadPro2_11, [00000219C005B200][00000219BE714980 49] iPadPro3_129, [00000219C0043C00][00000219BC4E0B00 49] iPadPro4_129, [00000219C0058C00][00000219BE704C40 49] AppleTV, [00000219C0042100][00000219BE782D80 49] AppleTV4K, [00000219C005B100][00000219BC4E4EC0 49] TVOS, [00000219C0043400][00000219C08E3040 49] Mac, [00000219C005B800][00000219C08E71C0 49] MacClient, [00000219C0041E00][00000219C08EF340 49] MacNoEditor, [00000219C005BF00][00000219C03F34C0 49] MacServer, [00000219C0042E00][00000219C03F7640 49] Linux, [00000219C0058B00][00000219BC6617C0 49] LinuxAArch64, [00000219C0041F00][00000219BC665940 49] LinuxNoEditor, [00000219C0059B00][00000219BC669AC0 49] LinuxAArch64NoEditor, [00000219C0043900][00000219BC66C0C0 49] LinuxClient, [00000219C005B500][00000219BC670240 49] LinuxAArch64Client, [00000219C0042300][00000219BC6743C0 49] LinuxServer, [00000219C0058500][00000219BC67C540 49] LinuxAArch64Server, [00000219C0040D00][00000219BC6806C0 49] Android, [00000219C0059900][00000219BC68E840 49] Android_Low, [00000219C0043600][00000219BC6929C0 49] Android_Mid, [00000219C005AD00][00000219BC696B40 49] Android_High, [00000219C0043800][00000219BC69ACC0 49] Android_Default, [00000219C005A100][00000219C08DEE00 49] Android_Adreno4xx, [00000219C0040900][00000219BC69EF40 49] Android_Adreno5xx_Low, [00000219C0047600][00000219BC6A3080 49] Android_Adreno5xx, [00000219C00A0900][00000219BC6A71C0 49] Android_Adreno6xx, [00000219C0045800][00000219BC6AF340 49] Android_Adreno6xx_Vulkan, [00000219C00A0F00][00000219BC6B34C0 49] Android_Mali_T6xx, [00000219C0045200][00000219BC6B7640 49] Android_Mali_T7xx, [00000219C00A3900][00000219BC6D77C0 49] Android_Mali_T8xx, [00000219C0045E00][00000219BC6DB940 49] Android_Mali_G71, [00000219C00A0500][00000219BC6DFAC0 49] Android_Mali_G72, [00000219C0044600][00000219C030A0C0 49] Android_Mali_G72_Vulkan, [00000219C00A1200][00000219C030E240 49] Android_Mali_G76, [00000219C0044100][00000219C03123C0 49] Android_Mali_G76_Vulkan, [00000219C00A1F00][00000219C03BA540 49] Android_Mali_G77, [00000219C0044C00][00000219C03BE6C0 49] Android_Mali_G77_Vulkan, [00000219C00A0A00][00000219C03C6840 49] Android_Mali_G78, [00000219C0046C00][00000219C03CA9C0 49] Android_Mali_G78_Vulkan, [00000219C00A3600][00000219C0478B40 49] Android_Mali_G710, [00000219C0046400][00000219C034CCC0 49] Android_Mali_G710_Vulkan, [00000219C00A2700][00000219C0350E40 49] Android_Vulkan_SM5, [00000219C0047B00][00000219BC6AAF80 49] Android_PowerVR_G6xxx, [00000219C00A3400][00000219C03550C0 49] Android_PowerVR_GT7xxx, [00000219C0046300][00000219C0365200 49] Android_PowerVR_GE8xxx, [00000219C00A2E00][00000219C0369340 49] Android_PowerVR_GM9xxx, [00000219C0047F00][00000219BC4CD4C0 49] Android_PowerVR_GM9xxx_Vulkan, [00000219C00A1600][00000219C0899640 49] Android_TegraK1, [00000219C0044400][00000219C03C37C0 49] Android_Unknown_Vulkan, [00000219C00A2D00][00000219C0317940 49] Lumin, [00000219C0044500][00000219C089DAC0 49] Lumin_Desktop, [00000219C00A0D00][00000219BC4E80C0 49] HoloLens, 
[2025.10.18-13.57.40:099][  0]LogMeshReduction: Using QuadricMeshReduction for automatic static mesh reduction
[2025.10.18-13.57.40:099][  0]LogMeshReduction: Using SimplygonMeshReduction for automatic skeletal mesh reduction
[2025.10.18-13.57.40:099][  0]LogMeshReduction: Using ProxyLODMeshReduction for automatic mesh merging
[2025.10.18-13.57.40:099][  0]LogMeshReduction: No distributed automatic mesh merging module available
[2025.10.18-13.57.40:099][  0]LogMeshMerging: No distributed automatic mesh merging module available
[2025.10.18-13.57.40:117][  0]LogNetVersion: RoboticVacuumCleaner 1.0.0, NetCL: 17155196, EngineNetVer: 17, GameNetVer: 0 (Checksum: 3535503164)
[2025.10.18-13.57.40:431][  0]LogTexture: Default maximum texture size for cubemaps generated from long-lat sources has been changed from 512 to unlimited. In order to preserve old behaiour for '/Engine/MapTemplates/Sky/DaylightAmbientCubemap.DaylightAmbientCubemap', its maximum texture size has been explicitly set to 512.
[2025.10.18-13.57.40:480][  0]LogHMD: PokeAHoleMaterial loaded successfully
[2025.10.18-13.57.40:484][  0]LogUObjectArray: 17178 objects as part of root set at end of initial load.
[2025.10.18-13.57.40:484][  0]LogUObjectAllocator: 4302048 out of 0 bytes used by permanent object pool.
[2025.10.18-13.57.40:484][  0]LogUObjectArray: CloseDisregardForGC: 0/0 objects in disregard for GC pool
[2025.10.18-13.57.40:713][  0]LogPython: Using Python 3.7.7
[2025.10.18-13.57.41:125][  0]LogNiagaraDebuggerClient: Niagara Debugger Client Initialized | Session: 9A426E0945E9564A2DC6768404378CF7 | Instance: 00804FD54835CDD99550BC8583D33CE1 (NEW-10288).
[2025.10.18-13.57.41:287][  0]LogTcpMessaging: Initializing TcpMessaging bridge
[2025.10.18-13.57.41:291][  0]LogUdpMessaging: Initializing bridge on interface 0.0.0.0:0 to multicast group 230.0.0.1:6666.
[2025.10.18-13.57.41:570][  0]LogOpenImageDenoise: OIDN starting up
[2025.10.18-13.57.41:582][  0]SourceControl: 源码管理已禁用
[2025.10.18-13.57.41:582][  0]SourceControl: 源码管理已禁用
[2025.10.18-13.57.41:593][  0]SourceControl: 源码管理已禁用
[2025.10.18-13.57.41:595][  0]SourceControl: 源码管理已禁用
[2025.10.18-13.57.41:601][  0]SourceControl: 源码管理已禁用
[2025.10.18-13.57.41:608][  0]LogUProjectInfo: Found projects:
[2025.10.18-13.57.41:614][  0]LogVSAccessor: Display: Unable to create Visual Studio setup instance: 80040154
[2025.10.18-13.57.41:615][  0]LogVSAccessor: Display: Unable to create Visual Studio setup instance: 80040154
[2025.10.18-13.57.41:615][  0]LogVSAccessor: Display: Unable to create Visual Studio setup instance: 80040154
[2025.10.18-13.57.41:670][  0]LogAndroidPermission: UAndroidPermissionCallbackProxy::GetInstance
[2025.10.18-13.57.41:676][  0]LogAudioCaptureCore: Display: No Audio Capture implementations found. Audio input will be silent.
[2025.10.18-13.57.41:676][  0]LogAudioCaptureCore: Display: No Audio Capture implementations found. Audio input will be silent.
[2025.10.18-13.57.41:787][  0]LogCollectionManager: Loaded 0 collections in 0.000536 seconds
[2025.10.18-13.57.41:813][  0]LogFileCache: Scanning file cache for directory 'D:/上传官网2/sdjqr-zj1/Robotic Vacuum Cleaner ZJVol1/Saved/Collections/' took 0.00s
[2025.10.18-13.57.41:813][  0]LogFileCache: Scanning file cache for directory 'D:/上传官网2/sdjqr-zj1/Robotic Vacuum Cleaner ZJVol1/Content/Developers/Administrator/Collections/' took 0.00s
[2025.10.18-13.57.41:813][  0]LogFileCache: Scanning file cache for directory 'D:/上传官网2/sdjqr-zj1/Robotic Vacuum Cleaner ZJVol1/Content/Collections/' took 0.00s
[2025.10.18-13.57.41:813][  0]LogOcInput: OculusInput pre-init called
[2025.10.18-13.57.42:043][  0]LogEngine: Initializing Engine...
[2025.10.18-13.57.42:046][  0]LogHMD: Failed to enumerate extensions. Please check that you have a valid OpenXR runtime installed.
[2025.10.18-13.57.42:047][  0]LogHMD: Failed to initialize OpenVR with code 110
[2025.10.18-13.57.42:047][  0]LogMagicLeap: Warning: VR disabled because ZI is not enabled.  To enable, in the editor, Edit -> Project Settings -> Plugins -> Magic Leap Plugin -> Enable Zero Iteration
[2025.10.18-13.57.42:047][  0]LogStats: UGameplayTagsManager::InitializeManager -  0.000 s
[2025.10.18-13.57.42:141][  0]LogInit: Initializing FReadOnlyCVARCache
[2025.10.18-13.57.42:148][  0]LogAIModule: Creating AISystem for world Untitled
[2025.10.18-13.57.42:156][  0]LogAudio: Display: Initializing Audio Device Manager...
[2025.10.18-13.57.42:159][  0]LogAudio: Display: Loading Default Audio Settings Objects...
[2025.10.18-13.57.42:160][  0]LogAudio: Display: No default SoundConcurrencyObject specified (or failed to load).
[2025.10.18-13.57.42:160][  0]LogAudio: Display: Audio Device Manager Initialized
[2025.10.18-13.57.42:160][  0]LogAudio: Display: Creating Audio Device:                 Id: 1, Scope: Shared, Realtime: True
[2025.10.18-13.57.42:160][  0]LogAudioMixer: Display: Audio Mixer Platform Settings:
[2025.10.18-13.57.42:160][  0]LogAudioMixer: Display: 	Sample Rate:						  48000
[2025.10.18-13.57.42:160][  0]LogAudioMixer: Display: 	Callback Buffer Frame Size Requested: 1024
[2025.10.18-13.57.42:160][  0]LogAudioMixer: Display: 	Callback Buffer Frame Size To Use:	  1024
[2025.10.18-13.57.42:160][  0]LogAudioMixer: Display: 	Number of buffers to queue:			  2
[2025.10.18-13.57.42:160][  0]LogAudioMixer: Display: 	Max Channels (voices):				  32
[2025.10.18-13.57.42:160][  0]LogAudioMixer: Display: 	Number of Async Source Workers:		  0
[2025.10.18-13.57.42:160][  0]LogAudio: Display: AudioDevice MaxSources: 32
[2025.10.18-13.57.42:161][  0]LogAudio: Display: Audio Spatialization Plugin: None (built-in).
[2025.10.18-13.57.42:161][  0]LogAudio: Display: Audio Reverb Plugin: None (built-in).
[2025.10.18-13.57.42:161][  0]LogAudio: Display: Audio Occlusion Plugin: None (built-in).
[2025.10.18-13.57.42:161][  0]LogAudioMixer: Display: Initializing audio mixer.
[2025.10.18-13.57.42:173][  0]LogAudioMixer: Display: 0: FrontLeft
[2025.10.18-13.57.42:173][  0]LogAudioMixer: Display: 1: FrontRight
[2025.10.18-13.57.42:267][  0]LogAudioMixer: Display: Using Audio Device DELL E1914H (NVIDIA High Definition Audio)
[2025.10.18-13.57.42:269][  0]LogAudioMixer: Display: Initializing Sound Submixes...
[2025.10.18-13.57.42:271][  0]LogAudioMixer: Display: Creating Master Submix 'MasterSubmixDefault'
[2025.10.18-13.57.42:271][  0]LogAudioMixer: Display: Creating Master Submix 'MasterReverbSubmixDefault'
[2025.10.18-13.57.42:272][  0]LogAudioMixer: Display: Creating Master Submix 'MasterEQSubmixDefault'
[2025.10.18-13.57.42:272][  0]LogAudioMixer: FMixerPlatformXAudio2::StartAudioStream() called
[2025.10.18-13.57.42:272][  0]LogAudioMixer: Display: Output buffers initialized: Frames=1024, Channels=2, Samples=2048
[2025.10.18-13.57.42:273][  0]LogAudioMixer: Display: Starting AudioMixerPlatformInterface::RunInternal()
[2025.10.18-13.57.42:273][  0]LogAudioMixer: Display: FMixerPlatformXAudio2::SubmitBuffer() called for the first time
[2025.10.18-13.57.42:273][  0]LogInit: FAudioDevice initialized.
[2025.10.18-13.57.42:273][  0]LogAudio: Display: Audio Device (ID: 1) registered with world 'Untitled'.
[2025.10.18-13.57.42:273][  0]LogNetVersion: Set ProjectVersion to 1.0.0.0. Version Checksum will be recalculated on next use.
[2025.10.18-13.57.42:347][  0]LogDerivedDataCache: Saved boot cache 0.07s 94MB C:/Users/Administrator/AppData/Local/UnrealEngine/4.27/DerivedDataCache/Boot.ddc.
[2025.10.18-13.57.42:347][  0]LogInit: Texture streaming: Enabled
[2025.10.18-13.57.42:356][  0]LogAnalytics: Display: [UEEditor.Rocket.Release] APIServer = https://datarouter.ol.epicgames.com/. AppVersion = 4.27.2-18319896+++UE4+Release-4.27
[2025.10.18-13.57.42:359][  0]LogEngineSessionManager: EngineSessionManager initialized
[2025.10.18-13.57.42:359][  0]LogEditorSessionSummary: Verbose: Initializing EditorSessionSummaryWriter for editor session tracking
[2025.10.18-13.57.42:361][  0]LogEditorSessionSummary: EditorSessionSummaryWriter initialized
[2025.10.18-13.57.42:381][  0]LogInit: Transaction tracking system initialized
[2025.10.18-13.57.42:401][  0]BlueprintLog: New page: 编辑器加载
[2025.10.18-13.57.42:466][  0]LocalizationService: 本地化服务已禁用
[2025.10.18-13.57.42:491][  0]TimingProfiler: Initialize
[2025.10.18-13.57.42:491][  0]TimingProfiler: OnSessionChanged
[2025.10.18-13.57.42:491][  0]LoadingProfiler: Initialize
[2025.10.18-13.57.42:491][  0]LoadingProfiler: OnSessionChanged
[2025.10.18-13.57.42:491][  0]NetworkingProfiler: Initialize
[2025.10.18-13.57.42:491][  0]NetworkingProfiler: OnSessionChanged
[2025.10.18-13.57.42:491][  0]MemoryProfiler: Initialize
[2025.10.18-13.57.42:491][  0]MemoryProfiler: OnSessionChanged
[2025.10.18-13.57.42:541][  0]LogVSAccessor: Display: Unable to create Visual Studio setup instance: 80040154
[2025.10.18-13.57.42:541][  0]LogVSAccessor: Display: Unable to create Visual Studio setup instance: 80040154
[2025.10.18-13.57.42:542][  0]LogVSAccessor: Display: Unable to create Visual Studio setup instance: 80040154
[2025.10.18-13.57.42:622][  0]LogCook: Display: CookSettings for Memory: MemoryMaxUsedVirtual 0MiB, MemoryMaxUsedPhysical 16384MiB, MemoryMinFreeVirtual 0MiB, MemoryMinFreePhysical 1024MiB
[2025.10.18-13.57.42:622][  0]LogCook: Display: Mobile HDR setting 1
[2025.10.18-13.57.42:671][  0]LogFileCache: Scanning file cache for directory 'D:/上传官网2/sdjqr-zj1/Robotic Vacuum Cleaner ZJVol1/Content/' took 0.00s
[2025.10.18-13.57.42:974][  0]LogInit: Display: Engine is initialized. Leaving FEngineLoop::Init()
[2025.10.18-13.57.42:976][  0]SourceControl: 源码管理已禁用
[2025.10.18-13.57.42:976][  0]LogUnrealEdMisc: Loading editor; pre map load, took 6.426
[2025.10.18-13.57.42:976][  0]Cmd: MAP LOAD FILE="../../../../上传官网2/sdjqr-zj1/Robotic Vacuum Cleaner ZJVol1/Content/Roboticvacuumcleaner/Map/model.umap" TEMPLATE=0 SHOWPROGRESS=1 FEATURELEVEL=3
[2025.10.18-13.57.42:978][  0]LightingResults: New page: 光照构建
[2025.10.18-13.57.42:979][  0]LogWorld: UWorld::CleanupWorld for Untitled, bSessionEnded=true, bCleanupResources=true
[2025.10.18-13.57.42:980][  0]LogSlate: InvalidateAllWidgets triggered.  All widgets were invalidated
[2025.10.18-13.57.42:980][  0]MapCheck: New page: 地图检测
[2025.10.18-13.57.42:980][  0]LightingResults: New page: 光照构建
[2025.10.18-13.57.42:983][  0]LogAudio: Display: Audio Device unregistered from world 'None'.
[2025.10.18-13.57.42:986][  0]LogUObjectHash: Compacting FUObjectHashTables data took   0.77ms
[2025.10.18-13.57.51:455][  0]LogPhysicsCore: Error: PHYSX: (D:\Build\++Fortnite\Sync\Engine\Source\ThirdParty\PhysX3\PhysX_3.4\Source\PhysXCooking\src\Cooking.cpp 198) eINVALID_PARAMETER : Cooking::cookConvexMesh: user-provided convex mesh descriptor is invalid!
[2025.10.18-13.57.51:456][  0]LogPhysicsCore: Error: PHYSX: (D:\Build\++Fortnite\Sync\Engine\Source\ThirdParty\PhysX3\PhysX_3.4\Source\PhysXCooking\src\Cooking.cpp 198) eINVALID_PARAMETER : Cooking::cookConvexMesh: user-provided convex mesh descriptor is invalid!
[2025.10.18-13.57.51:456][  0]LogPhysics: Warning: Failed to cook convex: /Game/Roboticvacuumcleaner/Demo/Mesh/SM_Roof_2.SM_Roof_2 3 (FlipX:0). The remaining elements will not get cooked.
[2025.10.18-13.57.51:456][  0]LogPhysicsCore: Error: PHYSX: (D:\Build\++Fortnite\Sync\Engine\Source\ThirdParty\PhysX3\PhysX_3.4\Source\PhysXCooking\src\Cooking.cpp 198) eINVALID_PARAMETER : Cooking::cookConvexMesh: user-provided convex mesh descriptor is invalid!
[2025.10.18-13.57.51:456][  0]LogPhysicsCore: Error: PHYSX: (D:\Build\++Fortnite\Sync\Engine\Source\ThirdParty\PhysX3\PhysX_3.4\Source\PhysXCooking\src\Cooking.cpp 198) eINVALID_PARAMETER : Cooking::cookConvexMesh: user-provided convex mesh descriptor is invalid!
[2025.10.18-13.57.51:456][  0]LogPhysics: Warning: Failed to cook convex: /Game/Roboticvacuumcleaner/Demo/Mesh/SM_Roof_2.SM_Roof_2 3 (FlipX:1). The remaining elements will not get cooked.
[2025.10.18-13.57.51:484][  0]LogPhysics: Warning: Attempt to build physics data for /Game/Roboticvacuumcleaner/Demo/Mesh/SM_Roof_2.SM_Roof_2:BodySetup_0 when we are unable to.
[2025.10.18-13.57.51:500][  0]LogAudio: Display: Audio Device (ID: 1) registered with world 'model'.
[2025.10.18-13.57.51:501][  0]LogAIModule: Creating AISystem for world model
[2025.10.18-13.57.51:505][  0]LogPhysics: Warning: PopulatePhysXGeometryAndTransform(Convex): ConvexElem is missing ConvexMesh
[2025.10.18-13.57.51:505][  0]LogPhysics: Warning: ForeachShape(Convex): ScaledElem[0] invalid
[2025.10.18-13.57.51:505][  0]LogPhysics: Warning: PopulatePhysXGeometryAndTransform(Convex): ConvexElem is missing ConvexMesh
[2025.10.18-13.57.51:505][  0]LogPhysics: Warning: ForeachShape(Convex): ScaledElem[1] invalid
[2025.10.18-13.57.51:505][  0]LogPhysics: Warning: PopulatePhysXGeometryAndTransform(Convex): ConvexElem is missing ConvexMesh
[2025.10.18-13.57.51:505][  0]LogPhysics: Warning: ForeachShape(Convex): ScaledElem[2] invalid
[2025.10.18-13.57.51:505][  0]LogPhysics: Warning: PopulatePhysXGeometryAndTransform(Convex): ConvexElem is missing ConvexMesh
[2025.10.18-13.57.51:505][  0]LogPhysics: Warning: ForeachShape(Convex): ScaledElem[3] invalid
[2025.10.18-13.57.51:505][  0]LogPhysics: Warning: PopulatePhysXGeometryAndTransform(Convex): ConvexElem is missing ConvexMesh
[2025.10.18-13.57.51:505][  0]LogPhysics: Warning: ForeachShape(Convex): ScaledElem[4] invalid
[2025.10.18-13.57.51:505][  0]LogPhysics: Warning: PopulatePhysXGeometryAndTransform(Convex): ConvexElem is missing ConvexMesh
[2025.10.18-13.57.51:505][  0]LogPhysics: Warning: ForeachShape(Convex): ScaledElem[5] invalid
[2025.10.18-13.57.51:507][  0]LogEditorServer: Finished looking for orphan Actors (0.000 secs)
[2025.10.18-13.57.51:513][  0]LogUObjectHash: Compacting FUObjectHashTables data took   0.56ms
[2025.10.18-13.57.51:513][  0]Cmd: MAP CHECKDEP NOCLEARLOG
[2025.10.18-13.57.51:514][  0]MapCheck: 地图检测完成：0个错误、0个警告、完成用时0.079毫秒。
[2025.10.18-13.57.51:514][  0]LogFileHelpers: Loading map 'model' took 8.537
[2025.10.18-13.57.51:515][  0]LogUnrealEdMisc: Total Editor Startup Time, took 14.965
[2025.10.18-13.57.51:592][  0]LogWindowsTextInputMethodSystem: Display: IME system activated using TSF (微软拼音).
[2025.10.18-13.57.51:646][  0]LogSlate: Updating window title bar state: overlay mode, drag disabled, window buttons hidden, title bar hidden
[2025.10.18-13.57.51:651][  0]LogSlate: Updating window title bar state: overlay mode, drag disabled, window buttons hidden, title bar hidden
[2025.10.18-13.57.51:656][  0]LogSlate: Updating window title bar state: overlay mode, drag disabled, window buttons hidden, title bar hidden
[2025.10.18-13.57.51:661][  0]LogSlate: Updating window title bar state: overlay mode, drag disabled, window buttons hidden, title bar hidden
[2025.10.18-13.57.51:673][  0]LogNativeClassHierarchy: Verbose: Native class hierarchy populated in 0.0078 seconds. Added 3822 classes and 928 folders.
[2025.10.18-13.57.51:676][  0]LogNativeClassHierarchy: Verbose: Native class hierarchy updated for 'WidgetCarousel' in 0.0002 seconds. Added 0 classes and 0 folders.
[2025.10.18-13.57.51:677][  0]LogPakFile: PakFile PrimaryIndexSize=187
[2025.10.18-13.57.51:677][  0]LogPakFile: PakFile PathHashIndexSize=101
[2025.10.18-13.57.51:677][  0]LogPakFile: PakFile FullDirectoryIndexSize=148
[2025.10.18-13.57.51:677][  0]LogShaderLibrary: Display: ShaderCodeLibraryPakFileMountedCallback: PakFile 'D:/UE_4.27/FeaturePacks/FP_FirstPerson.upack' (chunk index -1, root 'root:/') mounted
[2025.10.18-13.57.51:677][  0]LogShaderLibrary: Display: ShaderCodeLibraryPakFileMountedCallback: pending pak file info (ChunkID:-1 Root:root:/ File:D:/UE_4.27/FeaturePacks/FP_FirstPerson.upack)
[2025.10.18-13.57.51:677][  0]LogPakFile: OnPakFileMounted2Time == 0.000043
[2025.10.18-13.57.51:678][  0]LogPakFile: PakFile PrimaryIndexSize=189
[2025.10.18-13.57.51:678][  0]LogPakFile: PakFile PathHashIndexSize=101
[2025.10.18-13.57.51:678][  0]LogPakFile: PakFile FullDirectoryIndexSize=152
[2025.10.18-13.57.51:678][  0]LogShaderLibrary: Display: ShaderCodeLibraryPakFileMountedCallback: PakFile 'D:/UE_4.27/FeaturePacks/FP_FirstPersonBP.upack' (chunk index -1, root 'root:/') mounted
[2025.10.18-13.57.51:678][  0]LogShaderLibrary: Display: ShaderCodeLibraryPakFileMountedCallback: pending pak file info (ChunkID:-1 Root:root:/ File:D:/UE_4.27/FeaturePacks/FP_FirstPersonBP.upack)
[2025.10.18-13.57.51:678][  0]LogPakFile: OnPakFileMounted2Time == 0.000028
[2025.10.18-13.57.51:678][  0]LogPakFile: PakFile PrimaryIndexSize=191
[2025.10.18-13.57.51:678][  0]LogPakFile: PakFile PathHashIndexSize=101
[2025.10.18-13.57.51:678][  0]LogPakFile: PakFile FullDirectoryIndexSize=160
[2025.10.18-13.57.51:678][  0]LogShaderLibrary: Display: ShaderCodeLibraryPakFileMountedCallback: PakFile 'D:/UE_4.27/FeaturePacks/MobileStarterContent.upack' (chunk index -1, root 'root:/') mounted
[2025.10.18-13.57.51:678][  0]LogShaderLibrary: Display: ShaderCodeLibraryPakFileMountedCallback: pending pak file info (ChunkID:-1 Root:root:/ File:D:/UE_4.27/FeaturePacks/MobileStarterContent.upack)
[2025.10.18-13.57.51:678][  0]LogPakFile: OnPakFileMounted2Time == 0.000025
[2025.10.18-13.57.51:678][  0]LogPakFile: PakFile PrimaryIndexSize=185
[2025.10.18-13.57.51:678][  0]LogPakFile: PakFile PathHashIndexSize=101
[2025.10.18-13.57.51:678][  0]LogPakFile: PakFile FullDirectoryIndexSize=148
[2025.10.18-13.57.51:678][  0]LogShaderLibrary: Display: ShaderCodeLibraryPakFileMountedCallback: PakFile 'D:/UE_4.27/FeaturePacks/StarterContent.upack' (chunk index -1, root 'root:/') mounted
[2025.10.18-13.57.51:678][  0]LogShaderLibrary: Display: ShaderCodeLibraryPakFileMountedCallback: pending pak file info (ChunkID:-1 Root:root:/ File:D:/UE_4.27/FeaturePacks/StarterContent.upack)
[2025.10.18-13.57.51:678][  0]LogPakFile: OnPakFileMounted2Time == 0.000026
[2025.10.18-13.57.51:679][  0]LogPakFile: PakFile PrimaryIndexSize=190
[2025.10.18-13.57.51:679][  0]LogPakFile: PakFile PathHashIndexSize=101
[2025.10.18-13.57.51:679][  0]LogPakFile: PakFile FullDirectoryIndexSize=154
[2025.10.18-13.57.51:679][  0]LogShaderLibrary: Display: ShaderCodeLibraryPakFileMountedCallback: PakFile 'D:/UE_4.27/FeaturePacks/TP_2DSideScroller.upack' (chunk index -1, root 'root:/') mounted
[2025.10.18-13.57.51:679][  0]LogShaderLibrary: Display: ShaderCodeLibraryPakFileMountedCallback: pending pak file info (ChunkID:-1 Root:root:/ File:D:/UE_4.27/FeaturePacks/TP_2DSideScroller.upack)
[2025.10.18-13.57.51:679][  0]LogPakFile: OnPakFileMounted2Time == 0.000024
[2025.10.18-13.57.51:679][  0]LogPakFile: PakFile PrimaryIndexSize=192
[2025.10.18-13.57.51:679][  0]LogPakFile: PakFile PathHashIndexSize=101
[2025.10.18-13.57.51:679][  0]LogPakFile: PakFile FullDirectoryIndexSize=158
[2025.10.18-13.57.51:679][  0]LogShaderLibrary: Display: ShaderCodeLibraryPakFileMountedCallback: PakFile 'D:/UE_4.27/FeaturePacks/TP_2DSideScrollerBP.upack' (chunk index -1, root 'root:/') mounted
[2025.10.18-13.57.51:679][  0]LogShaderLibrary: Display: ShaderCodeLibraryPakFileMountedCallback: pending pak file info (ChunkID:-1 Root:root:/ File:D:/UE_4.27/FeaturePacks/TP_2DSideScrollerBP.upack)
[2025.10.18-13.57.51:679][  0]LogPakFile: OnPakFileMounted2Time == 0.000024
[2025.10.18-13.57.51:680][  0]LogPakFile: PakFile PrimaryIndexSize=182
[2025.10.18-13.57.51:680][  0]LogPakFile: PakFile PathHashIndexSize=101
[2025.10.18-13.57.51:680][  0]LogPakFile: PakFile FullDirectoryIndexSize=138
[2025.10.18-13.57.51:680][  0]LogShaderLibrary: Display: ShaderCodeLibraryPakFileMountedCallback: PakFile 'D:/UE_4.27/FeaturePacks/TP_Flying.upack' (chunk index -1, root 'root:/') mounted
[2025.10.18-13.57.51:680][  0]LogShaderLibrary: Display: ShaderCodeLibraryPakFileMountedCallback: pending pak file info (ChunkID:-1 Root:root:/ File:D:/UE_4.27/FeaturePacks/TP_Flying.upack)
[2025.10.18-13.57.51:680][  0]LogPakFile: OnPakFileMounted2Time == 0.000026
[2025.10.18-13.57.51:680][  0]LogPakFile: PakFile PrimaryIndexSize=184
[2025.10.18-13.57.51:680][  0]LogPakFile: PakFile PathHashIndexSize=101
[2025.10.18-13.57.51:680][  0]LogPakFile: PakFile FullDirectoryIndexSize=142
[2025.10.18-13.57.51:680][  0]LogShaderLibrary: Display: ShaderCodeLibraryPakFileMountedCallback: PakFile 'D:/UE_4.27/FeaturePacks/TP_FlyingBP.upack' (chunk index -1, root 'root:/') mounted
[2025.10.18-13.57.51:680][  0]LogShaderLibrary: Display: ShaderCodeLibraryPakFileMountedCallback: pending pak file info (ChunkID:-1 Root:root:/ File:D:/UE_4.27/FeaturePacks/TP_FlyingBP.upack)
[2025.10.18-13.57.51:680][  0]LogPakFile: OnPakFileMounted2Time == 0.000023
[2025.10.18-13.57.51:680][  0]LogPakFile: PakFile PrimaryIndexSize=188
[2025.10.18-13.57.51:680][  0]LogPakFile: PakFile PathHashIndexSize=101
[2025.10.18-13.57.51:680][  0]LogPakFile: PakFile FullDirectoryIndexSize=150
[2025.10.18-13.57.51:680][  0]LogShaderLibrary: Display: ShaderCodeLibraryPakFileMountedCallback: PakFile 'D:/UE_4.27/FeaturePacks/TP_HandheldARBP.upack' (chunk index -1, root 'root:/') mounted
[2025.10.18-13.57.51:680][  0]LogShaderLibrary: Display: ShaderCodeLibraryPakFileMountedCallback: pending pak file info (ChunkID:-1 Root:root:/ File:D:/UE_4.27/FeaturePacks/TP_HandheldARBP.upack)
[2025.10.18-13.57.51:680][  0]LogPakFile: OnPakFileMounted2Time == 0.000024
[2025.10.18-13.57.51:681][  0]LogPakFile: PakFile PrimaryIndexSize=182
[2025.10.18-13.57.51:681][  0]LogPakFile: PakFile PathHashIndexSize=101
[2025.10.18-13.57.51:681][  0]LogPakFile: PakFile FullDirectoryIndexSize=138
[2025.10.18-13.57.51:681][  0]LogShaderLibrary: Display: ShaderCodeLibraryPakFileMountedCallback: PakFile 'D:/UE_4.27/FeaturePacks/TP_Puzzle.upack' (chunk index -1, root 'root:/') mounted
[2025.10.18-13.57.51:681][  0]LogShaderLibrary: Display: ShaderCodeLibraryPakFileMountedCallback: pending pak file info (ChunkID:-1 Root:root:/ File:D:/UE_4.27/FeaturePacks/TP_Puzzle.upack)
[2025.10.18-13.57.51:681][  0]LogPakFile: OnPakFileMounted2Time == 0.000022
[2025.10.18-13.57.51:681][  0]LogPakFile: PakFile PrimaryIndexSize=184
[2025.10.18-13.57.51:681][  0]LogPakFile: PakFile PathHashIndexSize=101
[2025.10.18-13.57.51:681][  0]LogPakFile: PakFile FullDirectoryIndexSize=142
[2025.10.18-13.57.51:681][  0]LogShaderLibrary: Display: ShaderCodeLibraryPakFileMountedCallback: PakFile 'D:/UE_4.27/FeaturePacks/TP_PuzzleBP.upack' (chunk index -1, root 'root:/') mounted
[2025.10.18-13.57.51:681][  0]LogShaderLibrary: Display: ShaderCodeLibraryPakFileMountedCallback: pending pak file info (ChunkID:-1 Root:root:/ File:D:/UE_4.27/FeaturePacks/TP_PuzzleBP.upack)
[2025.10.18-13.57.51:681][  0]LogPakFile: OnPakFileMounted2Time == 0.000023
[2025.10.18-13.57.51:682][  0]LogPakFile: PakFile PrimaryIndexSize=183
[2025.10.18-13.57.51:682][  0]LogPakFile: PakFile PathHashIndexSize=101
[2025.10.18-13.57.51:682][  0]LogPakFile: PakFile FullDirectoryIndexSize=140
[2025.10.18-13.57.51:682][  0]LogShaderLibrary: Display: ShaderCodeLibraryPakFileMountedCallback: PakFile 'D:/UE_4.27/FeaturePacks/TP_Rolling.upack' (chunk index -1, root 'root:/') mounted
[2025.10.18-13.57.51:682][  0]LogShaderLibrary: Display: ShaderCodeLibraryPakFileMountedCallback: pending pak file info (ChunkID:-1 Root:root:/ File:D:/UE_4.27/FeaturePacks/TP_Rolling.upack)
[2025.10.18-13.57.51:682][  0]LogPakFile: OnPakFileMounted2Time == 0.000023
[2025.10.18-13.57.51:682][  0]LogPakFile: PakFile PrimaryIndexSize=185
[2025.10.18-13.57.51:682][  0]LogPakFile: PakFile PathHashIndexSize=101
[2025.10.18-13.57.51:682][  0]LogPakFile: PakFile FullDirectoryIndexSize=144
[2025.10.18-13.57.51:682][  0]LogShaderLibrary: Display: ShaderCodeLibraryPakFileMountedCallback: PakFile 'D:/UE_4.27/FeaturePacks/TP_RollingBP.upack' (chunk index -1, root 'root:/') mounted
[2025.10.18-13.57.51:682][  0]LogShaderLibrary: Display: ShaderCodeLibraryPakFileMountedCallback: pending pak file info (ChunkID:-1 Root:root:/ File:D:/UE_4.27/FeaturePacks/TP_RollingBP.upack)
[2025.10.18-13.57.51:682][  0]LogPakFile: OnPakFileMounted2Time == 0.000022
[2025.10.18-13.57.51:682][  0]LogPakFile: PakFile PrimaryIndexSize=188
[2025.10.18-13.57.51:682][  0]LogPakFile: PakFile PathHashIndexSize=101
[2025.10.18-13.57.51:682][  0]LogPakFile: PakFile FullDirectoryIndexSize=150
[2025.10.18-13.57.51:682][  0]LogShaderLibrary: Display: ShaderCodeLibraryPakFileMountedCallback: PakFile 'D:/UE_4.27/FeaturePacks/TP_SideScroller.upack' (chunk index -1, root 'root:/') mounted
[2025.10.18-13.57.51:682][  0]LogShaderLibrary: Display: ShaderCodeLibraryPakFileMountedCallback: pending pak file info (ChunkID:-1 Root:root:/ File:D:/UE_4.27/FeaturePacks/TP_SideScroller.upack)
[2025.10.18-13.57.51:682][  0]LogPakFile: OnPakFileMounted2Time == 0.000023
[2025.10.18-13.57.51:683][  0]LogPakFile: PakFile PrimaryIndexSize=190
[2025.10.18-13.57.51:683][  0]LogPakFile: PakFile PathHashIndexSize=101
[2025.10.18-13.57.51:683][  0]LogPakFile: PakFile FullDirectoryIndexSize=154
[2025.10.18-13.57.51:683][  0]LogShaderLibrary: Display: ShaderCodeLibraryPakFileMountedCallback: PakFile 'D:/UE_4.27/FeaturePacks/TP_SideScrollerBP.upack' (chunk index -1, root 'root:/') mounted
[2025.10.18-13.57.51:683][  0]LogShaderLibrary: Display: ShaderCodeLibraryPakFileMountedCallback: pending pak file info (ChunkID:-1 Root:root:/ File:D:/UE_4.27/FeaturePacks/TP_SideScrollerBP.upack)
[2025.10.18-13.57.51:683][  0]LogPakFile: OnPakFileMounted2Time == 0.000022
[2025.10.18-13.57.51:683][  0]LogPakFile: PakFile PrimaryIndexSize=187
[2025.10.18-13.57.51:683][  0]LogPakFile: PakFile PathHashIndexSize=101
[2025.10.18-13.57.51:683][  0]LogPakFile: PakFile FullDirectoryIndexSize=148
[2025.10.18-13.57.51:683][  0]LogShaderLibrary: Display: ShaderCodeLibraryPakFileMountedCallback: PakFile 'D:/UE_4.27/FeaturePacks/TP_ThirdPerson.upack' (chunk index -1, root 'root:/') mounted
[2025.10.18-13.57.51:683][  0]LogShaderLibrary: Display: ShaderCodeLibraryPakFileMountedCallback: pending pak file info (ChunkID:-1 Root:root:/ File:D:/UE_4.27/FeaturePacks/TP_ThirdPerson.upack)
[2025.10.18-13.57.51:683][  0]LogPakFile: OnPakFileMounted2Time == 0.000022
[2025.10.18-13.57.51:683][  0]LogPakFile: PakFile PrimaryIndexSize=189
[2025.10.18-13.57.51:684][  0]LogPakFile: PakFile PathHashIndexSize=101
[2025.10.18-13.57.51:684][  0]LogPakFile: PakFile FullDirectoryIndexSize=152
[2025.10.18-13.57.51:684][  0]LogShaderLibrary: Display: ShaderCodeLibraryPakFileMountedCallback: PakFile 'D:/UE_4.27/FeaturePacks/TP_ThirdPersonBP.upack' (chunk index -1, root 'root:/') mounted
[2025.10.18-13.57.51:684][  0]LogShaderLibrary: Display: ShaderCodeLibraryPakFileMountedCallback: pending pak file info (ChunkID:-1 Root:root:/ File:D:/UE_4.27/FeaturePacks/TP_ThirdPersonBP.upack)
[2025.10.18-13.57.51:684][  0]LogPakFile: OnPakFileMounted2Time == 0.000022
[2025.10.18-13.57.51:684][  0]LogPakFile: PakFile PrimaryIndexSize=183
[2025.10.18-13.57.51:684][  0]LogPakFile: PakFile PathHashIndexSize=101
[2025.10.18-13.57.51:684][  0]LogPakFile: PakFile FullDirectoryIndexSize=140
[2025.10.18-13.57.51:684][  0]LogShaderLibrary: Display: ShaderCodeLibraryPakFileMountedCallback: PakFile 'D:/UE_4.27/FeaturePacks/TP_TopDown.upack' (chunk index -1, root 'root:/') mounted
[2025.10.18-13.57.51:684][  0]LogShaderLibrary: Display: ShaderCodeLibraryPakFileMountedCallback: pending pak file info (ChunkID:-1 Root:root:/ File:D:/UE_4.27/FeaturePacks/TP_TopDown.upack)
[2025.10.18-13.57.51:684][  0]LogPakFile: OnPakFileMounted2Time == 0.000027
[2025.10.18-13.57.51:684][  0]LogPakFile: PakFile PrimaryIndexSize=185
[2025.10.18-13.57.51:684][  0]LogPakFile: PakFile PathHashIndexSize=101
[2025.10.18-13.57.51:684][  0]LogPakFile: PakFile FullDirectoryIndexSize=144
[2025.10.18-13.57.51:684][  0]LogShaderLibrary: Display: ShaderCodeLibraryPakFileMountedCallback: PakFile 'D:/UE_4.27/FeaturePacks/TP_TopDownBP.upack' (chunk index -1, root 'root:/') mounted
[2025.10.18-13.57.51:684][  0]LogShaderLibrary: Display: ShaderCodeLibraryPakFileMountedCallback: pending pak file info (ChunkID:-1 Root:root:/ File:D:/UE_4.27/FeaturePacks/TP_TopDownBP.upack)
[2025.10.18-13.57.51:684][  0]LogPakFile: OnPakFileMounted2Time == 0.000025
[2025.10.18-13.57.51:685][  0]LogPakFile: PakFile PrimaryIndexSize=185
[2025.10.18-13.57.51:685][  0]LogPakFile: PakFile PathHashIndexSize=101
[2025.10.18-13.57.51:685][  0]LogPakFile: PakFile FullDirectoryIndexSize=144
[2025.10.18-13.57.51:685][  0]LogShaderLibrary: Display: ShaderCodeLibraryPakFileMountedCallback: PakFile 'D:/UE_4.27/FeaturePacks/TP_TwinStick.upack' (chunk index -1, root 'root:/') mounted
[2025.10.18-13.57.51:685][  0]LogShaderLibrary: Display: ShaderCodeLibraryPakFileMountedCallback: pending pak file info (ChunkID:-1 Root:root:/ File:D:/UE_4.27/FeaturePacks/TP_TwinStick.upack)
[2025.10.18-13.57.51:685][  0]LogPakFile: OnPakFileMounted2Time == 0.000022
[2025.10.18-13.57.51:685][  0]LogPakFile: PakFile PrimaryIndexSize=187
[2025.10.18-13.57.51:685][  0]LogPakFile: PakFile PathHashIndexSize=101
[2025.10.18-13.57.51:685][  0]LogPakFile: PakFile FullDirectoryIndexSize=148
[2025.10.18-13.57.51:685][  0]LogShaderLibrary: Display: ShaderCodeLibraryPakFileMountedCallback: PakFile 'D:/UE_4.27/FeaturePacks/TP_TwinStickBP.upack' (chunk index -1, root 'root:/') mounted
[2025.10.18-13.57.51:685][  0]LogShaderLibrary: Display: ShaderCodeLibraryPakFileMountedCallback: pending pak file info (ChunkID:-1 Root:root:/ File:D:/UE_4.27/FeaturePacks/TP_TwinStickBP.upack)
[2025.10.18-13.57.51:685][  0]LogPakFile: OnPakFileMounted2Time == 0.000022
[2025.10.18-13.57.51:685][  0]LogPakFile: PakFile PrimaryIndexSize=183
[2025.10.18-13.57.51:685][  0]LogPakFile: PakFile PathHashIndexSize=101
[2025.10.18-13.57.51:685][  0]LogPakFile: PakFile FullDirectoryIndexSize=140
[2025.10.18-13.57.51:685][  0]LogShaderLibrary: Display: ShaderCodeLibraryPakFileMountedCallback: PakFile 'D:/UE_4.27/FeaturePacks/TP_Vehicle.upack' (chunk index -1, root 'root:/') mounted
[2025.10.18-13.57.51:685][  0]LogShaderLibrary: Display: ShaderCodeLibraryPakFileMountedCallback: pending pak file info (ChunkID:-1 Root:root:/ File:D:/UE_4.27/FeaturePacks/TP_Vehicle.upack)
[2025.10.18-13.57.51:685][  0]LogPakFile: OnPakFileMounted2Time == 0.000022
[2025.10.18-13.57.51:686][  0]LogPakFile: PakFile PrimaryIndexSize=186
[2025.10.18-13.57.51:686][  0]LogPakFile: PakFile PathHashIndexSize=101
[2025.10.18-13.57.51:686][  0]LogPakFile: PakFile FullDirectoryIndexSize=146
[2025.10.18-13.57.51:686][  0]LogShaderLibrary: Display: ShaderCodeLibraryPakFileMountedCallback: PakFile 'D:/UE_4.27/FeaturePacks/TP_VehicleAdv.upack' (chunk index -1, root 'root:/') mounted
[2025.10.18-13.57.51:686][  0]LogShaderLibrary: Display: ShaderCodeLibraryPakFileMountedCallback: pending pak file info (ChunkID:-1 Root:root:/ File:D:/UE_4.27/FeaturePacks/TP_VehicleAdv.upack)
[2025.10.18-13.57.51:686][  0]LogPakFile: OnPakFileMounted2Time == 0.000023
[2025.10.18-13.57.51:686][  0]LogPakFile: PakFile PrimaryIndexSize=188
[2025.10.18-13.57.51:686][  0]LogPakFile: PakFile PathHashIndexSize=101
[2025.10.18-13.57.51:686][  0]LogPakFile: PakFile FullDirectoryIndexSize=150
[2025.10.18-13.57.51:686][  0]LogShaderLibrary: Display: ShaderCodeLibraryPakFileMountedCallback: PakFile 'D:/UE_4.27/FeaturePacks/TP_VehicleAdvBP.upack' (chunk index -1, root 'root:/') mounted
[2025.10.18-13.57.51:686][  0]LogShaderLibrary: Display: ShaderCodeLibraryPakFileMountedCallback: pending pak file info (ChunkID:-1 Root:root:/ File:D:/UE_4.27/FeaturePacks/TP_VehicleAdvBP.upack)
[2025.10.18-13.57.51:686][  0]LogPakFile: OnPakFileMounted2Time == 0.000022
[2025.10.18-13.57.51:687][  0]LogPakFile: PakFile PrimaryIndexSize=185
[2025.10.18-13.57.51:687][  0]LogPakFile: PakFile PathHashIndexSize=101
[2025.10.18-13.57.51:687][  0]LogPakFile: PakFile FullDirectoryIndexSize=144
[2025.10.18-13.57.51:687][  0]LogShaderLibrary: Display: ShaderCodeLibraryPakFileMountedCallback: PakFile 'D:/UE_4.27/FeaturePacks/TP_VehicleBP.upack' (chunk index -1, root 'root:/') mounted
[2025.10.18-13.57.51:687][  0]LogShaderLibrary: Display: ShaderCodeLibraryPakFileMountedCallback: pending pak file info (ChunkID:-1 Root:root:/ File:D:/UE_4.27/FeaturePacks/TP_VehicleBP.upack)
[2025.10.18-13.57.51:687][  0]LogPakFile: OnPakFileMounted2Time == 0.000024
[2025.10.18-13.57.51:687][  0]LogPakFile: PakFile PrimaryIndexSize=192
[2025.10.18-13.57.51:687][  0]LogPakFile: PakFile PathHashIndexSize=101
[2025.10.18-13.57.51:687][  0]LogPakFile: PakFile FullDirectoryIndexSize=158
[2025.10.18-13.57.51:687][  0]LogShaderLibrary: Display: ShaderCodeLibraryPakFileMountedCallback: PakFile 'D:/UE_4.27/FeaturePacks/TP_VirtualRealityBP.upack' (chunk index -1, root 'root:/') mounted
[2025.10.18-13.57.51:687][  0]LogShaderLibrary: Display: ShaderCodeLibraryPakFileMountedCallback: pending pak file info (ChunkID:-1 Root:root:/ File:D:/UE_4.27/FeaturePacks/TP_VirtualRealityBP.upack)
[2025.10.18-13.57.51:687][  0]LogPakFile: OnPakFileMounted2Time == 0.000023
[2025.10.18-13.57.51:717][  0]LogNativeClassHierarchy: Verbose: Native class hierarchy updated for 'AddContentDialog' in 0.0002 seconds. Added 0 classes and 0 folders.
[2025.10.18-13.57.51:717][  0]LogSlate: The tab "/Game/MeshTool_ue4.MeshTool_ActiveTab" attempted to spawn in layout 'LevelEditor_Layout_v1.2' but failed for some reason. It will not be displayed.
[2025.10.18-13.57.51:717][  0]LogSlate: The tab "/Game/MeshTool_ue4.MeshTool_ActiveTab" attempted to spawn in layout 'LevelEditor_Layout_v1.2' but failed for some reason. It will not be displayed.
[2025.10.18-13.57.51:717][  0]LogSlate: The tab "/Game/MeshTool_ue4.MeshTool_ActiveTab" attempted to spawn in layout 'LevelEditor_Layout_v1.2' but failed for some reason. It will not be displayed.
[2025.10.18-13.57.51:717][  0]LogSlate: The tab "/Game/MeshTool_ue4.MeshTool_ActiveTab" attempted to spawn in layout 'LevelEditor_Layout_v1.2' but failed for some reason. It will not be displayed.
[2025.10.18-13.57.51:717][  0]LogSlate: The tab "/Game/TidyTool_ue4.TidyTool_ActiveTab" attempted to spawn in layout 'LevelEditor_Layout_v1.2' but failed for some reason. It will not be displayed.
[2025.10.18-13.57.51:717][  0]LogSlate: The tab "/Game/TidyTool_ue4.TidyTool_ActiveTab" attempted to spawn in layout 'LevelEditor_Layout_v1.2' but failed for some reason. It will not be displayed.
[2025.10.18-13.57.51:717][  0]LogSlate: The tab "/Game/TidyTool_ue4.TidyTool_ActiveTab" attempted to spawn in layout 'LevelEditor_Layout_v1.2' but failed for some reason. It will not be displayed.
[2025.10.18-13.57.51:718][  0]LogNativeClassHierarchy: Verbose: Native class hierarchy updated for 'SceneOutliner' in 0.0002 seconds. Added 2 classes and 0 folders.
[2025.10.18-13.57.51:756][  0]LogSlate: Took 0.000283 seconds to synchronously load lazily loaded font '../../../Engine/Content/Slate/Fonts/Roboto-Regular.ttf' (155K)
[2025.10.18-13.57.51:757][  0]LogSlate: Took 0.000170 seconds to synchronously load lazily loaded font '../../../Engine/Content/Editor/Slate/Fonts/FontAwesome.ttf' (139K)
[2025.10.18-13.57.51:758][  0]LogSlate: Took 0.001209 seconds to synchronously load lazily loaded font '../../../Engine/Content/Slate/Fonts/DroidSansFallback.ttf' (3848K)
[2025.10.18-13.57.51:758][  0]LogSlate: Took 0.000138 seconds to synchronously load lazily loaded font '../../../Engine/Content/Slate/Fonts/Roboto-Bold.ttf' (160K)
[2025.10.18-13.57.51:823][  0]LogRenderer: Reallocating scene render targets to support 948x376 Format 10 NumSamples 1 (Frame:1).
[2025.10.18-13.57.52:029][  0]LogNativeClassHierarchy: Verbose: Native class hierarchy updated for 'HierarchicalLODOutliner' in 0.0002 seconds. Added 0 classes and 0 folders.
[2025.10.18-13.57.52:029][  0]LogLoad: (Engine Initialization) Total time: 15.48 seconds
[2025.10.18-13.57.52:029][  0]LogLoad: (Engine Initialization) Total Blueprint compile time: 0.00 seconds
[2025.10.18-13.57.52:071][  0]LogAssetRegistry: Asset discovery search completed in 12.2866 seconds
[2025.10.18-13.57.52:075][  0]LogCollectionManager: Fixed up redirectors for 0 collections in 0.000003 seconds (updated 0 objects)
[2025.10.18-13.57.52:076][  0]LogContentStreaming: Texture pool size now 1000 MB
[2025.10.18-13.57.52:145][  5]LogSlate: Took 0.000257 seconds to synchronously load lazily loaded font '../../../Engine/Content/Slate/Fonts/Roboto-Light.ttf' (167K)
